Component: ARM Compiler 5.06 update 6 (build 750) Tool: armlink [4d35ed]

==============================================================================

Section Cross References

    startup_stm32f407xx.o(RESET) refers to startup_stm32f407xx.o(STACK) for __initial_sp
    startup_stm32f407xx.o(RESET) refers to startup_stm32f407xx.o(.text) for Reset_Handler
    startup_stm32f407xx.o(RESET) refers to stm32f4xx_it.o(i.NMI_Handler) for NMI_Handler
    startup_stm32f407xx.o(RESET) refers to stm32f4xx_it.o(i.HardFault_Handler) for HardFault_Handler
    startup_stm32f407xx.o(RESET) refers to stm32f4xx_it.o(i.MemManage_Handler) for MemManage_Handler
    startup_stm32f407xx.o(RESET) refers to stm32f4xx_it.o(i.BusFault_Handler) for BusFault_Handler
    startup_stm32f407xx.o(RESET) refers to stm32f4xx_it.o(i.UsageFault_Handler) for UsageFault_Handler
    startup_stm32f407xx.o(RESET) refers to stm32f4xx_it.o(i.SVC_Handler) for SVC_Handler
    startup_stm32f407xx.o(RESET) refers to stm32f4xx_it.o(i.DebugMon_Handler) for DebugMon_Handler
    startup_stm32f407xx.o(RESET) refers to stm32f4xx_it.o(i.PendSV_Handler) for PendSV_Handler
    startup_stm32f407xx.o(RESET) refers to stm32f4xx_it.o(i.SysTick_Handler) for SysTick_Handler
    startup_stm32f407xx.o(RESET) refers to stm32f4xx_it.o(i.DMA1_Stream5_IRQHandler) for DMA1_Stream5_IRQHandler
    startup_stm32f407xx.o(RESET) refers to stm32f4xx_it.o(i.OTG_FS_IRQHandler) for OTG_FS_IRQHandler
    startup_stm32f407xx.o(.text) refers to system_stm32f4xx.o(i.SystemInit) for SystemInit
    startup_stm32f407xx.o(.text) refers to entry.o(.ARM.Collect$$$$00000000) for __main
    main.o(i.HAL_UART_RxCpltCallback) refers to stm32f4xx_hal_gpio.o(i.HAL_GPIO_WritePin) for HAL_GPIO_WritePin
    main.o(i.HAL_UART_RxCpltCallback) refers to strlen.o(.text) for strlen
    main.o(i.HAL_UART_RxCpltCallback) refers to stm32f4xx_hal_uart.o(i.HAL_UART_Transmit) for HAL_UART_Transmit
    main.o(i.HAL_UART_RxCpltCallback) refers to main.o(.bss) for .bss
    main.o(i.MX_GPIO_Init) refers to memseta.o(.text) for __aeabi_memclr4
    main.o(i.MX_GPIO_Init) refers to stm32f4xx_hal_gpio.o(i.HAL_GPIO_WritePin) for HAL_GPIO_WritePin
    main.o(i.MX_GPIO_Init) refers to stm32f4xx_hal_gpio.o(i.HAL_GPIO_Init) for HAL_GPIO_Init
    main.o(i.MX_SPI1_Init) refers to stm32f4xx_hal_spi.o(i.HAL_SPI_Init) for HAL_SPI_Init
    main.o(i.MX_SPI1_Init) refers to main.o(.bss) for .bss
    main.o(i.SystemClock_Config) refers to memseta.o(.text) for __aeabi_memclr4
    main.o(i.SystemClock_Config) refers to stm32f4xx_hal_rcc.o(i.HAL_RCC_OscConfig) for HAL_RCC_OscConfig
    main.o(i.SystemClock_Config) refers to stm32f4xx_hal_rcc.o(i.HAL_RCC_ClockConfig) for HAL_RCC_ClockConfig
    main.o(i.SystemClock_Config) refers to stm32f4xx_hal_rcc_ex.o(i.HAL_RCCEx_PeriphCLKConfig) for HAL_RCCEx_PeriphCLKConfig
    main.o(i.main) refers to stm32f4xx_hal.o(i.HAL_Init) for HAL_Init
    main.o(i.main) refers to main.o(i.SystemClock_Config) for SystemClock_Config
    main.o(i.main) refers to main.o(i.MX_GPIO_Init) for MX_GPIO_Init
    main.o(i.main) refers to stm32f4xx_hal_cortex.o(i.HAL_NVIC_SetPriority) for HAL_NVIC_SetPriority
    main.o(i.main) refers to stm32f4xx_hal_cortex.o(i.HAL_NVIC_EnableIRQ) for HAL_NVIC_EnableIRQ
    main.o(i.main) refers to stm32f4xx_hal_i2c.o(i.HAL_I2C_Init) for HAL_I2C_Init
    main.o(i.main) refers to stm32f4xx_hal_i2s.o(i.HAL_I2S_Init) for HAL_I2S_Init
    main.o(i.main) refers to main.o(i.MX_SPI1_Init) for MX_SPI1_Init
    main.o(i.main) refers to stm32f4xx_hal_uart.o(i.HAL_UART_Init) for HAL_UART_Init
    main.o(i.main) refers to usb_host.o(i.MX_USB_HOST_Init) for MX_USB_HOST_Init
    main.o(i.main) refers to stm32f4xx_hal_uart.o(i.HAL_UART_Receive_DMA) for HAL_UART_Receive_DMA
    main.o(i.main) refers to usb_host.o(i.MX_USB_HOST_Process) for MX_USB_HOST_Process
    main.o(i.main) refers to main.o(.bss) for .bss
    usb_host.o(i.MX_USB_HOST_Init) refers to usbh_core.o(i.USBH_Init) for USBH_Init
    usb_host.o(i.MX_USB_HOST_Init) refers to main.o(i.Error_Handler) for Error_Handler
    usb_host.o(i.MX_USB_HOST_Init) refers to usbh_core.o(i.USBH_RegisterClass) for USBH_RegisterClass
    usb_host.o(i.MX_USB_HOST_Init) refers to usbh_core.o(i.USBH_Start) for USBH_Start
    usb_host.o(i.MX_USB_HOST_Init) refers to usb_host.o(i.USBH_UserProcess) for USBH_UserProcess
    usb_host.o(i.MX_USB_HOST_Init) refers to usb_host.o(.bss) for .bss
    usb_host.o(i.MX_USB_HOST_Init) refers to usbh_cdc.o(.data) for CDC_Class
    usb_host.o(i.MX_USB_HOST_Process) refers to usbh_core.o(i.USBH_Process) for USBH_Process
    usb_host.o(i.MX_USB_HOST_Process) refers to usb_host.o(.bss) for .bss
    usb_host.o(i.USBH_UserProcess) refers to usb_host.o(.data) for .data
    usbh_conf.o(i.HAL_HCD_Connect_Callback) refers to usbh_core.o(i.USBH_LL_Connect) for USBH_LL_Connect
    usbh_conf.o(i.HAL_HCD_Disconnect_Callback) refers to usbh_core.o(i.USBH_LL_Disconnect) for USBH_LL_Disconnect
[...]
    ..\Drivers\STM32F4xx_HAL_Driver\Src\stm32f4xx_hal_hcd.c 0x00000000   Number         0  stm32f4xx_hal_hcd.o ABSOLUTE
    ..\Drivers\STM32F4xx_HAL_Driver\Src\stm32f4xx_hal_i2c.c 0x00000000   Number         0  stm32f4xx_hal_i2c.o ABSOLUTE
    ..\Drivers\STM32F4xx_HAL_Driver\Src\stm32f4xx_hal_i2c_ex.c 0x00000000   Number         0  stm32f4xx_hal_i2c_ex.o ABSOLUTE
    ..\Drivers\STM32F4xx_HAL_Driver\Src\stm32f4xx_hal_i2s.c 0x00000000   Number         0  stm32f4xx_hal_i2s.o ABSOLUTE
    ..\Drivers\STM32F4xx_HAL_Driver\Src\stm32f4xx_hal_i2s_ex.c 0x00000000   Number         0  stm32f4xx_hal_i2s_ex.o ABSOLUTE
    ..\Drivers\STM32F4xx_HAL_Driver\Src\stm32f4xx_hal_pwr.c 0x00000000   Number         0  stm32f4xx_hal_pwr.o ABSOLUTE
    ..\Drivers\STM32F4xx_HAL_Driver\Src\stm32f4xx_hal_pwr_ex.c 0x00000000   Number         0  stm32f4xx_hal_pwr_ex.o ABSOLUTE
    ..\Drivers\STM32F4xx_HAL_Driver\Src\stm32f4xx_hal_rcc.c 0x00000000   Number         0  stm32f4xx_hal_rcc.o ABSOLUTE
    ..\Drivers\STM32F4xx_HAL_Driver\Src\stm32f4xx_hal_rcc_ex.c 0x00000000   Number         0  stm32f4xx_hal_rcc_ex.o ABSOLUTE
    ..\Drivers\STM32F4xx_HAL_Driver\Src\stm32f4xx_hal_spi.c 0x00000000   Number         0  stm32f4xx_hal_spi.o ABSOLUTE
    ..\Drivers\STM32F4xx_HAL_Driver\Src\stm32f4xx_hal_tim.c 0x00000000   Number         0  stm32f4xx_hal_tim.o ABSOLUTE
    ..\Drivers\STM32F4xx_HAL_Driver\Src\stm32f4xx_hal_tim_ex.c 0x00000000   Number         0  stm32f4xx_hal_tim_ex.o ABSOLUTE
    ..\Drivers\STM32F4xx_HAL_Driver\Src\stm32f4xx_hal_uart.c 0x00000000   Number         0  stm32f4xx_hal_uart.o ABSOLUTE
    ..\Drivers\STM32F4xx_HAL_Driver\Src\stm32f4xx_ll_usb.c 0x00000000   Number         0  stm32f4xx_ll_usb.o ABSOLUTE
    ..\Middlewares\ST\STM32_USB_Host_Library\Class\CDC\Src\usbh_cdc.c 0x00000000   Number         0  usbh_cdc.o ABSOLUTE
    ..\Middlewares\ST\STM32_USB_Host_Library\Core\Src\usbh_core.c 0x00000000   Number         0  usbh_core.o ABSOLUTE
    ..\Middlewares\ST\STM32_USB_Host_Library\Core\Src\usbh_ctlreq.c 0x00000000   Number         0  usbh_ctlreq.o ABSOLUTE
    ..\Middlewares\ST\STM32_USB_Host_Library\Core\Src\usbh_ioreq.c 0x00000000   Number         0  usbh_ioreq.o ABSOLUTE
    ..\Middlewares\ST\STM32_USB_Host_Library\Core\Src\usbh_pipes.c 0x00000000   Number         0  usbh_pipes.o ABSOLUTE
    ..\Src\main.c                            0x00000000   Number         0  main.o ABSOLUTE
    ..\Src\stm32f4xx_hal_msp.c               0x00000000   Number         0  stm32f4xx_hal_msp.o ABSOLUTE
    ..\Src\stm32f4xx_it.c                    0x00000000   Number         0  stm32f4xx_it.o ABSOLUTE
    ..\Src\system_stm32f4xx.c                0x00000000   Number         0  system_stm32f4xx.o ABSOLUTE
    ..\Src\usb_host.c                        0x00000000   Number         0  usb_host.o ABSOLUTE
    ..\Src\usbh_conf.c                       0x00000000   Number         0  usbh_conf.o ABSOLUTE
    ..\Src\usbh_platform.c                   0x00000000   Number         0  usbh_platform.o ABSOLUTE
    dc.s                                     0x00000000   Number         0  dc.o ABSOLUTE
    handlers.s                               0x00000000   Number         0  handlers.o ABSOLUTE
    init.s                                   0x00000000   Number         0  init.o ABSOLUTE
    startup_stm32f407xx.s                    0x00000000   Number         0  startup_stm32f407xx.o ABSOLUTE
    RESET                                    0x08000000   Section      392  startup_stm32f407xx.o(RESET)
    .ARM.Collect$$$$00000000                 0x08000188   Section        0  entry.o(.ARM.Collect$$$$00000000)
    .ARM.Collect$$$$00000001                 0x08000188   Section        4  entry2.o(.ARM.Collect$$$$00000001)
    .ARM.Collect$$$$00000004                 0x0800018c   Section        4  entry5.o(.ARM.Collect$$$$00000004)
    .ARM.Collect$$$$00000008                 0x08000190   Section        0  entry7b.o(.ARM.Collect$$$$00000008)
    .ARM.Collect$$$$0000000A                 0x08000190   Section        0  entry8b.o(.ARM.Collect$$$$0000000A)
    .ARM.Collect$$$$0000000B                 0x08000190   Section        8  entry9a.o(.ARM.Collect$$$$0000000B)
    .ARM.Collect$$$$0000000D                 0x08000198   Section        0  entry10a.o(.ARM.Collect$$$$0000000D)
    .ARM.Collect$$$$0000000F                 0x08000198   Section        0  entry11a.o(.ARM.Collect$$$$0000000F)
    .ARM.Collect$$$$00002712                 0x08000198   Section        4  entry2.o(.ARM.Collect$$$$00002712)
    __lit__00000000                          0x08000198   Data           4  entry2.o(.ARM.Collect$$$$00002712)
    .text                                    0x0800019c   Section       36  startup_stm32f407xx.o(.text)
    $v0                                      0x0800019c   Number         0  startup_stm32f407xx.o(.text)
    .text                                    0x080001c0   Section        0  uldiv.o(.text)
    .text                                    0x08000222   Section        0  memcpya.o(.text)
    .text                                    0x08000246   Section        0  memseta.o(.text)
    .text                                    0x0800026a   Section        0  strlen.o(.text)
    .text                                    0x08000278   Section        0  llshl.o(.text)
    .text                                    0x08000296   Section        0  llushr.o(.text)
    .text                                    0x080002b8   Section       36  init.o(.text)
    i.BusFault_Handler                       0x080002dc   Section        0  stm32f4xx_it.o(i.BusFault_Handler)
    i.CDC_ProcessReception                   0x080002e0   Section        0  usbh_cdc.o(i.CDC_ProcessReception)
    CDC_ProcessReception                     0x080002e1   Thumb Code   104  usbh_cdc.o(i.CDC_ProcessReception)
    i.CDC_ProcessTransmission                0x08000348   Section        0  usbh_cdc.o(i.CDC_ProcessTransmission)
    CDC_ProcessTransmission                  0x08000349   Thumb Code   114  usbh_cdc.o(i.CDC_ProcessTransmission)
    i.DMA1_Stream5_IRQHandler                0x080003bc   Section        0  stm32f4xx_it.o(i.DMA1_Stream5_IRQHandler)
    i.DMA_CalcBaseAndBitshift                0x080003c8   Section        0  stm32f4xx_hal_dma.o(i.DMA_CalcBaseAndBitshift)
    DMA_CalcBaseAndBitshift                  0x080003c9   Thumb Code    34  stm32f4xx_hal_dma.o(i.DMA_CalcBaseAndBitshift)
    i.DMA_CheckFifoParam                     0x080003f0   Section        0  stm32f4xx_hal_dma.o(i.DMA_CheckFifoParam)
    DMA_CheckFifoParam                       0x080003f1   Thumb Code    84  stm32f4xx_hal_dma.o(i.DMA_CheckFifoParam)
    i.DMA_SetConfig                          0x08000444   Section        0  stm32f4xx_hal_dma.o(i.DMA_SetConfig)
    DMA_SetConfig                            0x08000445   Thumb Code    40  stm32f4xx_hal_dma.o(i.DMA_SetConfig)
    i.DeInitStateMachine                     0x0800046c   Section        0  usbh_core.o(i.DeInitStateMachine)
    DeInitStateMachine                       0x0800046d   Thumb Code    72  usbh_core.o(i.DeInitStateMachine)
    i.DebugMon_Handler                       0x080004b4   Section        0  stm32f4xx_it.o(i.DebugMon_Handler)
    i.Error_Handler                          0x080004b6   Section        0  main.o(i.Error_Handler)
    i.GetLineCoding                          0x080004b8   Section        0  usbh_cdc.o(i.GetLineCoding)
    GetLineCoding                            0x080004b9   Thumb Code    22  usbh_cdc.o(i.GetLineCoding)
    i.HAL_DMA_IRQHandler                     0x080004d0   Section        0  stm32f4xx_hal_dma.o(i.HAL_DMA_IRQHandler)
    i.HAL_DMA_Init                           0x08000670   Section        0  stm32f4xx_hal_dma.o(i.HAL_DMA_Init)
    i.HAL_DMA_Start_IT                       0x08000744   Section        0  stm32f4xx_hal_dma.o(i.HAL_DMA_Start_IT)
    i.HAL_Delay                              0x080007bc   Section        0  stm32f4xx_hal.o(i.HAL_Delay)
    i.HAL_GPIO_Init                          0x080007e0   Section        0  stm32f4xx_hal_gpio.o(i.HAL_GPIO_Init)
    i.HAL_GPIO_WritePin                      0x08000990   Section        0  stm32f4xx_hal_gpio.o(i.HAL_GPIO_WritePin)
    i.HAL_GetTick                            0x0800099c   Section        0  stm32f4xx_hal.o(i.HAL_GetTick)
    i.HAL_HCD_Connect_Callback               0x080009a8   Section        0  usbh_conf.o(i.HAL_HCD_Connect_Callback)
    i.HAL_HCD_Disconnect_Callback            0x080009b0   Section        0  usbh_conf.o(i.HAL_HCD_Disconnect_Callback)
    i.HAL_HCD_GetCurrentFrame                0x080009b8   Section        0  stm32f4xx_hal_hcd.o(i.HAL_HCD_GetCurrentFrame)
    i.HAL_HCD_GetCurrentSpeed                0x080009be   Section        0  stm32f4xx_hal_hcd.o(i.HAL_HCD_GetCurrentSpeed)
    i.HAL_HCD_HC_GetURBState                 0x080009c4   Section        0  stm32f4xx_hal_hcd.o(i.HAL_HCD_HC_GetURBState)
    i.HAL_HCD_HC_GetXferCount                0x080009d2   Section        0  stm32f4xx_hal_hcd.o(i.HAL_HCD_HC_GetXferCount)
    i.HAL_HCD_HC_Halt                        0x080009de   Section        0  stm32f4xx_hal_hcd.o(i.HAL_HCD_HC_Halt)
    i.HAL_HCD_HC_Init                        0x08000a02   Section        0  stm32f4xx_hal_hcd.o(i.HAL_HCD_HC_Init)
    i.HAL_HCD_HC_NotifyURBChange_Callback    0x08000a74   Section        0  usbh_conf.o(i.HAL_HCD_HC_NotifyURBChange_Callback)
    i.HAL_HCD_HC_SubmitRequest               0x08000a76   Section        0  stm32f4xx_hal_hcd.o(i.HAL_HCD_HC_SubmitRequest)
    i.HAL_HCD_IRQHandler                     0x08000b04   Section        0  stm32f4xx_hal_hcd.o(i.HAL_HCD_IRQHandler)
    i.HAL_HCD_Init                           0x08000c36   Section        0  stm32f4xx_hal_hcd.o(i.HAL_HCD_Init)
    i.HAL_HCD_MspInit                        0x08000ca8   Section        0  usbh_conf.o(i.HAL_HCD_MspInit)
    i.HAL_HCD_PortDisabled_Callback          0x08000d3c   Section        0  usbh_conf.o(i.HAL_HCD_PortDisabled_Callback)
    i.HAL_HCD_PortEnabled_Callback           0x08000d44   Section        0  usbh_conf.o(i.HAL_HCD_PortEnabled_Callback)
    i.HAL_HCD_ResetPort                      0x08000d4c   Section        0  stm32f4xx_hal_hcd.o(i.HAL_HCD_ResetPort)
    i.HAL_HCD_SOF_Callback                   0x08000d52   Section        0  usbh_conf.o(i.HAL_HCD_SOF_Callback)
    i.HAL_HCD_Start                          0x08000d5a   Section        0  stm32f4xx_hal_hcd.o(i.HAL_HCD_Start)
    i.HAL_HCD_Stop                           0x08000d86   Section        0  stm32f4xx_hal_hcd.o(i.HAL_HCD_Stop)
    i.HAL_I2C_Init                           0x08000dac   Section        0  stm32f4xx_hal_i2c.o(i.HAL_I2C_Init)
    i.HAL_I2C_MspInit                        0x08000f20   Section        0  stm32f4xx_hal_msp.o(i.HAL_I2C_MspInit)
    i.HAL_I2SEx_FullDuplex_IRQHandler        0x08000f8c   Section        0  stm32f4xx_hal_i2s_ex.o(i.HAL_I2SEx_FullDuplex_IRQHandler)
    i.HAL_I2SEx_TxRxCpltCallback             0x08001180   Section        0  stm32f4xx_hal_i2s_ex.o(i.HAL_I2SEx_TxRxCpltCallback)
    i.HAL_I2S_ErrorCallback                  0x08001182   Section        0  stm32f4xx_hal_i2s.o(i.HAL_I2S_ErrorCallback)
    i.HAL_I2S_Init                           0x08001184   Section        0  stm32f4xx_hal_i2s.o(i.HAL_I2S_Init)
    i.HAL_I2S_MspInit                        0x080012f8   Section        0  stm32f4xx_hal_msp.o(i.HAL_I2S_MspInit)
    i.HAL_I2S_RxCpltCallback                 0x08001388   Section        0  stm32f4xx_hal_i2s.o(i.HAL_I2S_RxCpltCallback)
    i.HAL_I2S_TxCpltCallback                 0x0800138a   Section        0  stm32f4xx_hal_i2s.o(i.HAL_I2S_TxCpltCallback)
    i.HAL_IncTick                            0x0800138c   Section        0  stm32f4xx_hal.o(i.HAL_IncTick)
    i.HAL_Init                               0x0800139c   Section        0  stm32f4xx_hal.o(i.HAL_Init)
    i.HAL_InitTick                           0x080013d0   Section        0  stm32f4xx_hal.o(i.HAL_InitTick)
    i.HAL_MspInit                            0x08001410   Section        0  stm32f4xx_hal_msp.o(i.HAL_MspInit)
    i.HAL_NVIC_EnableIRQ                     0x08001440   Section        0  stm32f4xx_hal_cortex.o(i.HAL_NVIC_EnableIRQ)
    i.HAL_NVIC_SetPriority                   0x0800145c   Section        0  stm32f4xx_hal_cortex.o(i.HAL_NVIC_SetPriority)
    i.HAL_NVIC_SetPriorityGrouping           0x0800149c   Section        0  stm32f4xx_hal_cortex.o(i.HAL_NVIC_SetPriorityGrouping)
    i.HAL_RCCEx_GetPeriphCLKFreq             0x080014c0   Section        0  stm32f4xx_hal_rcc_ex.o(i.HAL_RCCEx_GetPeriphCLKFreq)
    i.HAL_RCCEx_PeriphCLKConfig              0x0800151c   Section        0  stm32f4xx_hal_rcc_ex.o(i.HAL_RCCEx_PeriphCLKConfig)
    i.HAL_RCC_ClockConfig                    0x08001658   Section        0  stm32f4xx_hal_rcc.o(i.HAL_RCC_ClockConfig)
    i.HAL_RCC_GetPCLK1Freq                   0x08001788   Section        0  stm32f4xx_hal_rcc.o(i.HAL_RCC_GetPCLK1Freq)
    i.HAL_RCC_GetPCLK2Freq                   0x080017a8   Section        0  stm32f4xx_hal_rcc.o(i.HAL_RCC_GetPCLK2Freq)
    i.HAL_RCC_GetSysClockFreq                0x080017c8   Section        0  stm32f4xx_hal_rcc.o(i.HAL_RCC_GetSysClockFreq)
    i.HAL_RCC_OscConfig                      0x08001828   Section        0  stm32f4xx_hal_rcc.o(i.HAL_RCC_OscConfig)
    i.HAL_SPI_Init                           0x08001b44   Section        0  stm32f4xx_hal_spi.o(i.HAL_SPI_Init)
    i.HAL_SPI_MspInit                        0x08001bc4   Section        0  stm32f4xx_hal_msp.o(i.HAL_SPI_MspInit)
    i.HAL_SYSTICK_Config                     0x08001c2c   Section        0  stm32f4xx_hal_cortex.o(i.HAL_SYSTICK_Config)
    i.HAL_UART_ErrorCallback                 0x08001c54   Section        0  stm32f4xx_hal_uart.o(i.HAL_UART_ErrorCallback)
    i.HAL_UART_Init                          0x08001c56   Section        0  stm32f4xx_hal_uart.o(i.HAL_UART_Init)
    i.HAL_UART_MspInit                       0x08001cb8   Section        0  stm32f4xx_hal_msp.o(i.HAL_UART_MspInit)
    i.HAL_UART_Receive_DMA                   0x08001d5c   Section        0  stm32f4xx_hal_uart.o(i.HAL_UART_Receive_DMA)
    i.HAL_UART_RxCpltCallback                0x08001df4   Section        0  main.o(i.HAL_UART_RxCpltCallback)
    i.HAL_UART_RxHalfCpltCallback            0x08001e28   Section        0  stm32f4xx_hal_uart.o(i.HAL_UART_RxHalfCpltCallback)
    i.HAL_UART_Transmit                      0x08001e2a   Section        0  stm32f4xx_hal_uart.o(i.HAL_UART_Transmit)
    i.HCD_HC_IN_IRQHandler                   0x08001ee4   Section        0  stm32f4xx_hal_hcd.o(i.HCD_HC_IN_IRQHandler)
    HCD_HC_IN_IRQHandler                     0x08001ee5   Thumb Code   556  stm32f4xx_hal_hcd.o(i.HCD_HC_IN_IRQHandler)
    i.HCD_HC_OUT_IRQHandler                  0x08002110   Section        0  stm32f4xx_hal_hcd.o(i.HCD_HC_OUT_IRQHandler)
    HCD_HC_OUT_IRQHandler                    0x08002111   Thumb Code   580  stm32f4xx_hal_hcd.o(i.HCD_HC_OUT_IRQHandler)
    i.HCD_Port_IRQHandler                    0x08002354   Section        0  stm32f4xx_hal_hcd.o(i.HCD_Port_IRQHandler)
    HCD_Port_IRQHandler                      0x08002355   Thumb Code   184  stm32f4xx_hal_hcd.o(i.HCD_Port_IRQHandler)
    i.HCD_RXQLVL_IRQHandler                  0x0800240c   Section        0  stm32f4xx_hal_hcd.o(i.HCD_RXQLVL_IRQHandler)
    HCD_RXQLVL_IRQHandler                    0x0800240d   Thumb Code   108  stm32f4xx_hal_hcd.o(i.HCD_RXQLVL_IRQHandler)
    i.HardFault_Handler                      0x0800247c   Section        0  stm32f4xx_it.o(i.HardFault_Handler)
    i.I2SEx_RxISR_I2SExt                     0x08002480   Section        0  stm32f4xx_hal_i2s_ex.o(i.I2SEx_RxISR_I2SExt)
    I2SEx_RxISR_I2SExt                       0x08002481   Thumb Code    88  stm32f4xx_hal_i2s_ex.o(i.I2SEx_RxISR_I2SExt)
    i.I2SEx_TxISR_I2SExt                     0x080024e0   Section        0  stm32f4xx_hal_i2s_ex.o(i.I2SEx_TxISR_I2SExt)
    I2SEx_TxISR_I2SExt                       0x080024e1   Thumb Code    88  stm32f4xx_hal_i2s_ex.o(i.I2SEx_TxISR_I2SExt)
    i.I2S_IRQHandler                         0x08002540   Section        0  stm32f4xx_hal_i2s.o(i.I2S_IRQHandler)
    I2S_IRQHandler                           0x08002541   Thumb Code   242  stm32f4xx_hal_i2s.o(i.I2S_IRQHandler)
    i.MX_DriverVbusFS                        0x08002634   Section        0  usbh_platform.o(i.MX_DriverVbusFS)
    i.MX_GPIO_Init                           0x08002648   Section        0  main.o(i.MX_GPIO_Init)
    MX_GPIO_Init                             0x08002649   Thumb Code   326  main.o(i.MX_GPIO_Init)
    i.MX_SPI1_Init                           0x080027ac   Section        0  main.o(i.MX_SPI1_Init)
    MX_SPI1_Init                             0x080027ad   Thumb Code    44  main.o(i.MX_SPI1_Init)
    i.MX_USB_HOST_Init                       0x080027e0   Section        0  usb_host.o(i.MX_USB_HOST_Init)
    i.MX_USB_HOST_Process                    0x08002820   Section        0  usb_host.o(i.MX_USB_HOST_Process)
    i.MemManage_Handler                      0x0800282c   Section        0  stm32f4xx_it.o(i.MemManage_Handler)
    i.NMI_Handler                            0x0800282e   Section        0  stm32f4xx_it.o(i.NMI_Handler)
    i.OTG_FS_IRQHandler                      0x08002830   Section        0  stm32f4xx_it.o(i.OTG_FS_IRQHandler)
    i.PendSV_Handler                         0x0800283c   Section        0  stm32f4xx_it.o(i.PendSV_Handler)
    i.SVC_Handler                            0x0800283e   Section        0  stm32f4xx_it.o(i.SVC_Handler)
    i.SysTick_Handler                        0x08002840   Section        0  stm32f4xx_it.o(i.SysTick_Handler)
    i.SystemClock_Config                     0x08002844   Section        0  main.o(i.SystemClock_Config)
    i.SystemInit                             0x080028e0   Section        0  system_stm32f4xx.o(i.SystemInit)
    i.UART_DMAError                          0x08002934   Section        0  stm32f4xx_hal_uart.o(i.UART_DMAError)
    UART_DMAError                            0x08002935   Thumb Code    74  stm32f4xx_hal_uart.o(i.UART_DMAError)
    i.UART_DMAReceiveCplt                    0x0800297e   Section        0  stm32f4xx_hal_uart.o(i.UART_DMAReceiveCplt)
    UART_DMAReceiveCplt                      0x0800297f   Thumb Code    60  stm32f4xx_hal_uart.o(i.UART_DMAReceiveCplt)
    i.UART_DMARxHalfCplt                     0x080029ba   Section        0  stm32f4xx_hal_uart.o(i.UART_DMARxHalfCplt)
    UART_DMARxHalfCplt                       0x080029bb   Thumb Code    10  stm32f4xx_hal_uart.o(i.UART_DMARxHalfCplt)
    i.UART_EndRxTransfer                     0x080029c4   Section        0  stm32f4xx_hal_uart.o(i.UART_EndRxTransfer)
    UART_EndRxTransfer                       0x080029c5   Thumb Code    28  stm32f4xx_hal_uart.o(i.UART_EndRxTransfer)
    i.UART_EndTxTransfer                     0x080029e0   Section        0  stm32f4xx_hal_uart.o(i.UART_EndTxTransfer)
    UART_EndTxTransfer                       0x080029e1   Thumb Code    18  stm32f4xx_hal_uart.o(i.UART_EndTxTransfer)
    i.UART_SetConfig                         0x080029f4   Section        0  stm32f4xx_hal_uart.o(i.UART_SetConfig)
    UART_SetConfig                           0x080029f5   Thumb Code   676  stm32f4xx_hal_uart.o(i.UART_SetConfig)
    i.UART_WaitOnFlagUntilTimeout            0x08002ca0   Section        0  stm32f4xx_hal_uart.o(i.UART_WaitOnFlagUntilTimeout)
    UART_WaitOnFlagUntilTimeout              0x08002ca1   Thumb Code   100  stm32f4xx_hal_uart.o(i.UART_WaitOnFlagUntilTimeout)
    i.USBH_AllocPipe                         0x08002d04   Section        0  usbh_pipes.o(i.USBH_AllocPipe)
    i.USBH_BulkReceiveData                   0x08002d38   Section        0  usbh_ioreq.o(i.USBH_BulkReceiveData)
    i.USBH_BulkSendData                      0x08002d58   Section        0  usbh_ioreq.o(i.USBH_BulkSendData)
    i.USBH_CDC_ClassRequest                  0x08002d80   Section        0  usbh_cdc.o(i.USBH_CDC_ClassRequest)
    USBH_CDC_ClassRequest                    0x08002d81   Thumb Code    36  usbh_cdc.o(i.USBH_CDC_ClassRequest)
    i.USBH_CDC_InterfaceDeInit               0x08002da4   Section        0  usbh_cdc.o(i.USBH_CDC_InterfaceDeInit)
    USBH_CDC_InterfaceDeInit                 0x08002da5   Thumb Code    94  usbh_cdc.o(i.USBH_CDC_InterfaceDeInit)
    i.USBH_CDC_InterfaceInit                 0x08002e02   Section        0  usbh_cdc.o(i.USBH_CDC_InterfaceInit)
    USBH_CDC_InterfaceInit                   0x08002e03   Thumb Code   308  usbh_cdc.o(i.USBH_CDC_InterfaceInit)
    i.USBH_CDC_LineCodingChanged             0x08002f36   Section        0  usbh_cdc.o(i.USBH_CDC_LineCodingChanged)
    i.USBH_CDC_Process                       0x08002f38   Section        0  usbh_cdc.o(i.USBH_CDC_Process)
    USBH_CDC_Process                         0x08002f39   Thumb Code   184  usbh_cdc.o(i.USBH_CDC_Process)
    i.USBH_CDC_ReceiveCallback               0x08002ff0   Section        0  usbh_cdc.o(i.USBH_CDC_ReceiveCallback)
    i.USBH_CDC_SOFProcess                    0x08002ff2   Section        0  usbh_cdc.o(i.USBH_CDC_SOFProcess)
    USBH_CDC_SOFProcess                      0x08002ff3   Thumb Code     4  usbh_cdc.o(i.USBH_CDC_SOFProcess)
    i.USBH_CDC_TransmitCallback              0x08002ff6   Section        0  usbh_cdc.o(i.USBH_CDC_TransmitCallback)
    i.USBH_ClosePipe                         0x08002ff8   Section        0  usbh_pipes.o(i.USBH_ClosePipe)
    i.USBH_ClrFeature                        0x08003002   Section        0  usbh_ctlreq.o(i.USBH_ClrFeature)
    i.USBH_CtlReceiveData                    0x08003020   Section        0  usbh_ioreq.o(i.USBH_CtlReceiveData)
    i.USBH_CtlReq                            0x0800303e   Section        0  usbh_ctlreq.o(i.USBH_CtlReq)
    i.USBH_CtlSendData                       0x08003078   Section        0  usbh_ioreq.o(i.USBH_CtlSendData)
    i.USBH_CtlSendSetup                      0x080030a0   Section        0  usbh_ioreq.o(i.USBH_CtlSendSetup)
    i.USBH_Delay                             0x080030be   Section        0  usbh_conf.o(i.USBH_Delay)
    i.USBH_FindInterface                     0x080030c4   Section        0  usbh_core.o(i.USBH_FindInterface)
    i.USBH_FreePipe                          0x08003108   Section        0  usbh_pipes.o(i.USBH_FreePipe)
    i.USBH_GetDescriptor                     0x08003120   Section        0  usbh_ctlreq.o(i.USBH_GetDescriptor)
    i.USBH_GetNextDesc                       0x08003154   Section        0  usbh_ctlreq.o(i.USBH_GetNextDesc)
    i.USBH_Get_CfgDesc                       0x08003162   Section        0  usbh_ctlreq.o(i.USBH_Get_CfgDesc)
    i.USBH_Get_DevDesc                       0x0800318e   Section        0  usbh_ctlreq.o(i.USBH_Get_DevDesc)
    i.USBH_Get_StringDesc                    0x0800321e   Section        0  usbh_ctlreq.o(i.USBH_Get_StringDesc)
    i.USBH_Get_USB_Status                    0x08003266   Section        0  usbh_conf.o(i.USBH_Get_USB_Status)
    i.USBH_HandleControl                     0x0800327e   Section        0  usbh_ctlreq.o(i.USBH_HandleControl)
    USBH_HandleControl                       0x0800327f   Thumb Code   394  usbh_ctlreq.o(i.USBH_HandleControl)
    i.USBH_HandleEnum                        0x08003408   Section        0  usbh_core.o(i.USBH_HandleEnum)
    USBH_HandleEnum                          0x08003409   Thumb Code   242  usbh_core.o(i.USBH_HandleEnum)
    i.USBH_Init                              0x080034fa   Section        0  usbh_core.o(i.USBH_Init)
    i.USBH_LL_ClosePipe                      0x0800352a   Section        0  usbh_conf.o(i.USBH_LL_ClosePipe)
    i.USBH_LL_Connect                        0x0800353c   Section        0  usbh_core.o(i.USBH_LL_Connect)
    i.USBH_LL_Disconnect                     0x08003566   Section        0  usbh_core.o(i.USBH_LL_Disconnect)
    i.USBH_LL_DriverVBUS                     0x0800359e   Section        0  usbh_conf.o(i.USBH_LL_DriverVBUS)
    i.USBH_LL_GetLastXferSize                0x080035b8   Section        0  usbh_conf.o(i.USBH_LL_GetLastXferSize)
    i.USBH_LL_GetSpeed                       0x080035c0   Section        0  usbh_conf.o(i.USBH_LL_GetSpeed)
    i.USBH_LL_GetURBState                    0x080035e2   Section        0  usbh_conf.o(i.USBH_LL_GetURBState)
    i.USBH_LL_IncTimer                       0x080035ea   Section        0  usbh_core.o(i.USBH_LL_IncTimer)
    i.USBH_LL_Init                           0x08003608   Section        0  usbh_conf.o(i.USBH_LL_Init)
    i.USBH_LL_OpenPipe                       0x08003658   Section        0  usbh_conf.o(i.USBH_LL_OpenPipe)
    i.USBH_LL_PortDisabled                   0x08003674   Section        0  usbh_core.o(i.USBH_LL_PortDisabled)
    i.USBH_LL_PortEnabled                    0x0800367c   Section        0  usbh_core.o(i.USBH_LL_PortEnabled)
    i.USBH_LL_ResetPort                      0x08003684   Section        0  usbh_conf.o(i.USBH_LL_ResetPort)
    i.USBH_LL_SetTimer                       0x08003696   Section        0  usbh_core.o(i.USBH_LL_SetTimer)
    i.USBH_LL_SetToggle                      0x0800369c   Section        0  usbh_conf.o(i.USBH_LL_SetToggle)
    i.USBH_LL_Start                          0x080036bc   Section        0  usbh_conf.o(i.USBH_LL_Start)
    i.USBH_LL_Stop                           0x080036ce   Section        0  usbh_conf.o(i.USBH_LL_Stop)
    i.USBH_LL_SubmitURB                      0x080036e0   Section        0  usbh_conf.o(i.USBH_LL_SubmitURB)
    i.USBH_OpenPipe                          0x08003702   Section        0  usbh_pipes.o(i.USBH_OpenPipe)
    i.USBH_ParseCfgDesc                      0x08003716   Section        0  usbh_ctlreq.o(i.USBH_ParseCfgDesc)
    USBH_ParseCfgDesc                        0x08003717   Thumb Code   220  usbh_ctlreq.o(i.USBH_ParseCfgDesc)
    i.USBH_Process                           0x080037f2   Section        0  usbh_core.o(i.USBH_Process)
    i.USBH_RegisterClass                     0x08003992   Section        0  usbh_core.o(i.USBH_RegisterClass)
    i.USBH_SelectInterface                   0x080039ae   Section        0  usbh_core.o(i.USBH_SelectInterface)
    i.USBH_SetAddress                        0x080039c4   Section        0  usbh_ctlreq.o(i.USBH_SetAddress)
    i.USBH_SetCfg                            0x080039e0   Section        0  usbh_ctlreq.o(i.USBH_SetCfg)
    i.USBH_SetFeature                        0x080039fc   Section        0  usbh_ctlreq.o(i.USBH_SetFeature)
    i.USBH_Start                             0x08003a18   Section        0  usbh_core.o(i.USBH_Start)
    i.USBH_UserProcess                       0x08003a2c   Section        0  usb_host.o(i.USBH_UserProcess)
    USBH_UserProcess                         0x08003a2d   Thumb Code    28  usb_host.o(i.USBH_UserProcess)
    i.USB_CoreInit                           0x08003a4c   Section        0  stm32f4xx_ll_usb.o(i.USB_CoreInit)
    i.USB_CoreReset                          0x08003ac0   Section        0  stm32f4xx_ll_usb.o(i.USB_CoreReset)
    USB_CoreReset                            0x08003ac1   Thumb Code    50  stm32f4xx_ll_usb.o(i.USB_CoreReset)
    i.USB_DisableGlobalInt                   0x08003af8   Section        0  stm32f4xx_ll_usb.o(i.USB_DisableGlobalInt)
    i.USB_DoPing                             0x08003b04   Section        0  stm32f4xx_ll_usb.o(i.USB_DoPing)
    i.USB_DriveVbus                          0x08003b28   Section        0  stm32f4xx_ll_usb.o(i.USB_DriveVbus)
    i.USB_EnableGlobalInt                    0x08003b54   Section        0  stm32f4xx_ll_usb.o(i.USB_EnableGlobalInt)
    i.USB_FlushRxFifo                        0x08003b60   Section        0  stm32f4xx_ll_usb.o(i.USB_FlushRxFifo)
    i.USB_FlushTxFifo                        0x08003b80   Section        0  stm32f4xx_ll_usb.o(i.USB_FlushTxFifo)
    i.USB_GetCurrentFrame                    0x08003ba4   Section        0  stm32f4xx_ll_usb.o(i.USB_GetCurrentFrame)
    i.USB_GetHostSpeed                       0x08003bac   Section        0  stm32f4xx_ll_usb.o(i.USB_GetHostSpeed)
    i.USB_GetMode                            0x08003bba   Section        0  stm32f4xx_ll_usb.o(i.USB_GetMode)
    i.USB_HC_Halt                            0x08003bc2   Section        0  stm32f4xx_ll_usb.o(i.USB_HC_Halt)
    i.USB_HC_Init                            0x08003c84   Section        0  stm32f4xx_ll_usb.o(i.USB_HC_Init)
    i.USB_HC_ReadInterrupt                   0x08003d74   Section        0  stm32f4xx_ll_usb.o(i.USB_HC_ReadInterrupt)
    i.USB_HC_StartXfer                       0x08003d7c   Section        0  stm32f4xx_ll_usb.o(i.USB_HC_StartXfer)
    i.USB_HostInit                           0x08003ecc   Section        0  stm32f4xx_ll_usb.o(i.USB_HostInit)
    i.USB_InitFSLSPClkSel                    0x08003fa4   Section        0  stm32f4xx_ll_usb.o(i.USB_InitFSLSPClkSel)
    i.USB_ReadInterrupts                     0x08003fda   Section        0  stm32f4xx_ll_usb.o(i.USB_ReadInterrupts)
    i.USB_ReadPacket                         0x08003fe2   Section        0  stm32f4xx_ll_usb.o(i.USB_ReadPacket)
    i.USB_ResetPort                          0x08003ffe   Section        0  stm32f4xx_ll_usb.o(i.USB_ResetPort)
    i.USB_SetCurrentMode                     0x08004030   Section        0  stm32f4xx_ll_usb.o(i.USB_SetCurrentMode)
    i.USB_StopHost                           0x08004060   Section        0  stm32f4xx_ll_usb.o(i.USB_StopHost)
    i.USB_WritePacket                        0x080040de   Section        0  stm32f4xx_ll_usb.o(i.USB_WritePacket)
    i.UsageFault_Handler                     0x08004102   Section        0  stm32f4xx_it.o(i.UsageFault_Handler)
    i.__NVIC_SetPriority                     0x08004104   Section        0  stm32f4xx_hal_cortex.o(i.__NVIC_SetPriority)
    __NVIC_SetPriority                       0x08004105   Thumb Code    32  stm32f4xx_hal_cortex.o(i.__NVIC_SetPriority)
    i.__scatterload_copy                     0x08004124   Section       14  handlers.o(i.__scatterload_copy)
    i.__scatterload_null                     0x08004132   Section        2  handlers.o(i.__scatterload_null)
    i.__scatterload_zeroinit                 0x08004134   Section       14  handlers.o(i.__scatterload_zeroinit)
    i.free                                   0x08004144   Section        0  malloc.o(i.free)
    i.main                                   0x08004194   Section        0  main.o(i.main)
    i.malloc                                 0x08004264   Section        0  malloc.o(i.malloc)
    .constdata                               0x080042d0   Section        8  stm32f4xx_hal_dma.o(.constdata)
    flagBitshiftOffset                       0x080042d0   Data           8  stm32f4xx_hal_dma.o(.constdata)
    .constdata                               0x080042d8   Section       16  system_stm32f4xx.o(.constdata)
    .constdata                               0x080042e8   Section        8  system_stm32f4xx.o(.constdata)
    .conststring                             0x080042f0   Section        4  usbh_cdc.o(.conststring)
    .data                                    0x20000000   Section        1  usb_host.o(.data)
    .data                                    0x20000004   Section        4  stm32f4xx_ll_usb.o(.data)
    tmpreg                                   0x20000004   Data           4  stm32f4xx_ll_usb.o(.data)
    .data                                    0x20000008   Section       12  stm32f4xx_hal.o(.data)
    .data                                    0x20000014   Section        4  system_stm32f4xx.o(.data)
    .data                                    0x20000018   Section       32  usbh_cdc.o(.data)
    .data                                    0x20000038   Section        4  mvars.o(.data)
    .data                                    0x2000003c   Section        4  mvars.o(.data)
    .bss                                     0x20000040   Section      338  main.o(.bss)
    .bss                                     0x20000194   Section       96  main.o(.bss)
    .bss                                     0x200001f4   Section      972  usb_host.o(.bss)
    .bss                                     0x200005c0   Section      708  usbh_conf.o(.bss)
    HEAP                                     0x20000888   Section      512  startup_stm32f407xx.o(HEAP)
    STACK                                    0x20000a88   Section     1024  startup_stm32f407xx.o(STACK)

    Global Symbols

    Symbol Name                              Value     Ov Type        Size  Object(Section)

    BuildAttributes$$THM_ISAv4$E$P$D$K$B$S$7EM$VFPi3$EXTD16$VFPS$VFMA$PE$A:L22UL41UL21$X:L11$S22US41US21$IEEE1$IW$USESV6$~STKCKD$USESV7$~SHL$OSPACE$EBA8$MICROLIB$REQ8$PRES8$EABIv2 0x00000000   Number         0  anon$$obj.o ABSOLUTE
    __ARM_use_no_argv                        0x00000000   Number         0  main.o ABSOLUTE
    __cpp_initialize__aeabi_                  - Undefined Weak Reference
    __cxa_finalize                            - Undefined Weak Reference
    __decompress                              - Undefined Weak Reference
    _clock_init                               - Undefined Weak Reference
    _microlib_exit                            - Undefined Weak Reference
    __Vectors_Size                           0x00000188   Number         0  startup_stm32f407xx.o ABSOLUTE
    __Vectors                                0x08000000   Data           4  startup_stm32f407xx.o(RESET)
    __Vectors_End                            0x08000188   Data           0  startup_stm32f407xx.o(RESET)
    __main                                   0x08000189   Thumb Code     0  entry.o(.ARM.Collect$$$$00000000)
    _main_stk                                0x08000189   Thumb Code     0  entry2.o(.ARM.Collect$$$$00000001)
    _main_scatterload                        0x0800018d   Thumb Code     0  entry5.o(.ARM.Collect$$$$00000004)
    __main_after_scatterload                 0x08000191   Thumb Code     0  entry5.o(.ARM.Collect$$$$00000004)
    _main_clock                              0x08000191   Thumb Code     0  entry7b.o(.ARM.Collect$$$$00000008)
    _main_cpp_init                           0x08000191   Thumb Code     0  entry8b.o(.ARM.Collect$$$$0000000A)
    _main_init                               0x08000191   Thumb Code     0  entry9a.o(.ARM.Collect$$$$0000000B)
    __rt_final_cpp                           0x08000199   Thumb Code     0  entry10a.o(.ARM.Collect$$$$0000000D)
    __rt_final_exit                          0x08000199   Thumb Code     0  entry11a.o(.ARM.Collect$$$$0000000F)
    Reset_Handler                            0x0800019d   Thumb Code     8  startup_stm32f407xx.o(.text)
    ADC_IRQHandler                           0x080001b7   Thumb Code     0  startup_stm32f407xx.o(.text)
    CAN1_RX0_IRQHandler                      0x080001b7   Thumb Code     0  startup_stm32f407xx.o(.text)
    CAN1_RX1_IRQHandler                      0x080001b7   Thumb Code     0  startup_stm32f407xx.o(.text)
    CAN1_SCE_IRQHandler                      0x080001b7   Thumb Code     0  startup_stm32f407xx.o(.text)
    CAN1_TX_IRQHandler                       0x080001b7   Thumb Code     0  startup_stm32f407xx.o(.text)
    CAN2_RX0_IRQHandler                      0x080001b7   Thumb Code     0  startup_stm32f407xx.o(.text)
    CAN2_RX1_IRQHandler                      0x080001b7   Thumb Code     0  startup_stm32f407xx.o(.text)
    CAN2_SCE_IRQHandler                      0x080001b7   Thumb Code     0  startup_stm32f407xx.o(.text)
    CAN2_TX_IRQHandler                       0x080001b7   Thumb Code     0  startup_stm32f407xx.o(.text)
    DCMI_IRQHandler                          0x080001b7   Thumb Code     0  startup_stm32f407xx.o(.text)
    DMA1_Stream0_IRQHandler                  0x080001b7   Thumb Code     0  startup_stm32f407xx.o(.text)
    DMA1_Stream1_IRQHandler                  0x080001b7   Thumb Code     0  startup_stm32f407xx.o(.text)
    DMA1_Stream2_IRQHandler                  0x080001b7   Thumb Code     0  startup_stm32f407xx.o(.text)
    DMA1_Stream3_IRQHandler                  0x080001b7   Thumb Code     0  startup_stm32f407xx.o(.text)
    DMA1_Stream4_IRQHandler                  0x080001b7   Thumb Code     0  startup_stm32f407xx.o(.text)
    DMA1_Stream6_IRQHandler                  0x080001b7   Thumb Code     0  startup_stm32f407xx.o(.text)
    DMA1_Stream7_IRQHandler                  0x080001b7   Thumb Code     0  startup_stm32f407xx.o(.text)
    DMA2_Stream0_IRQHandler                  0x080001b7   Thumb Code     0  startup_stm32f407xx.o(.text)
    DMA2_Stream1_IRQHandler                  0x080001b7   Thumb Code     0  startup_stm32f407xx.o(.text)
    DMA2_Stream2_IRQHandler                  0x080001b7   Thumb Code     0  startup_stm32f407xx.o(.text)
    DMA2_Stream3_IRQHandler                  0x080001b7   Thumb Code     0  startup_stm32f407xx.o(.text)
    DMA2_Stream4_IRQHandler                  0x080001b7   Thumb Code     0  startup_stm32f407xx.o(.text)
    DMA2_Stream5_IRQHandler                  0x080001b7   Thumb Code     0  startup_stm32f407xx.o(.text)
    DMA2_Stream6_IRQHandler                  0x080001b7   Thumb Code     0  startup_stm32f407xx.o(.text)
    DMA2_Stream7_IRQHandler                  0x080001b7   Thumb Code     0  startup_stm32f407xx.o(.text)
    ETH_IRQHandler                           0x080001b7   Thumb Code     0  startup_stm32f407xx.o(.text)
    ETH_WKUP_IRQHandler                      0x080001b7   Thumb Code     0  startup_stm32f407xx.o(.text)
    EXTI0_IRQHandler                         0x080001b7   Thumb Code     0  startup_stm32f407xx.o(.text)
    EXTI15_10_IRQHandler                     0x080001b7   Thumb Code     0  startup_stm32f407xx.o(.text)
    EXTI1_IRQHandler                         0x080001b7   Thumb Code     0  startup_stm32f407xx.o(.text)
    EXTI2_IRQHandler                         0x080001b7   Thumb Code     0  startup_stm32f407xx.o(.text)
    EXTI3_IRQHandler                         0x080001b7   Thumb Code     0  startup_stm32f407xx.o(.text)
    EXTI4_IRQHandler                         0x080001b7   Thumb Code     0  startup_stm32f407xx.o(.text)
    EXTI9_5_IRQHandler                       0x080001b7   Thumb Code     0  startup_stm32f407xx.o(.text)
    FLASH_IRQHandler                         0x080001b7   Thumb Code     0  startup_stm32f407xx.o(.text)
    FMC_IRQHandler                           0x080001b7   Thumb Code     0  startup_stm32f407xx.o(.text)
    FPU_IRQHandler                           0x080001b7   Thumb Code     0  startup_stm32f407xx.o(.text)
    HASH_RNG_IRQHandler                      0x080001b7   Thumb Code     0  startup_stm32f407xx.o(.text)
    I2C1_ER_IRQHandler                       0x080001b7   Thumb Code     0  startup_stm32f407xx.o(.text)
    I2C1_EV_IRQHandler                       0x080001b7   Thumb Code     0  startup_stm32f407xx.o(.text)
    I2C2_ER_IRQHandler                       0x080001b7   Thumb Code     0  startup_stm32f407xx.o(.text)
    I2C2_EV_IRQHandler                       0x080001b7   Thumb Code     0  startup_stm32f407xx.o(.text)
    I2C3_ER_IRQHandler                       0x080001b7   Thumb Code     0  startup_stm32f407xx.o(.text)
    I2C3_EV_IRQHandler                       0x080001b7   Thumb Code     0  startup_stm32f407xx.o(.text)
    OTG_FS_WKUP_IRQHandler                   0x080001b7   Thumb Code     0  startup_stm32f407xx.o(.text)
    OTG_HS_EP1_IN_IRQHandler                 0x080001b7   Thumb Code     0  startup_stm32f407xx.o(.text)
    OTG_HS_EP1_OUT_IRQHandler                0x080001b7   Thumb Code     0  startup_stm32f407xx.o(.text)
    OTG_HS_IRQHandler                        0x080001b7   Thumb Code     0  startup_stm32f407xx.o(.text)
    OTG_HS_WKUP_IRQHandler                   0x080001b7   Thumb Code     0  startup_stm32f407xx.o(.text)
    PVD_IRQHandler                           0x080001b7   Thumb Code     0  startup_stm32f407xx.o(.text)
    RCC_IRQHandler                           0x080001b7   Thumb Code     0  startup_stm32f407xx.o(.text)
    RTC_Alarm_IRQHandler                     0x080001b7   Thumb Code     0  startup_stm32f407xx.o(.text)
    RTC_WKUP_IRQHandler                      0x080001b7   Thumb Code     0  startup_stm32f407xx.o(.text)
    SDIO_IRQHandler                          0x080001b7   Thumb Code     0  startup_stm32f407xx.o(.text)
    SPI1_IRQHandler                          0x080001b7   Thumb Code     0  startup_stm32f407xx.o(.text)
    SPI2_IRQHandler                          0x080001b7   Thumb Code     0  startup_stm32f407xx.o(.text)
    SPI3_IRQHandler                          0x080001b7   Thumb Code     0  startup_stm32f407xx.o(.text)
    TAMP_STAMP_IRQHandler                    0x080001b7   Thumb Code     0  startup_stm32f407xx.o(.text)
    TIM1_BRK_TIM9_IRQHandler                 0x080001b7   Thumb Code     0  startup_stm32f407xx.o(.text)
    TIM1_CC_IRQHandler                       0x080001b7   Thumb Code     0  startup_stm32f407xx.o(.text)
    TIM1_TRG_COM_TIM11_IRQHandler            0x080001b7   Thumb Code     0  startup_stm32f407xx.o(.text)
    TIM1_UP_TIM10_IRQHandler                 0x080001b7   Thumb Code     0  startup_stm32f407xx.o(.text)
    TIM2_IRQHandler                          0x080001b7   Thumb Code     0  startup_stm32f407xx.o(.text)
    TIM3_IRQHandler                          0x080001b7   Thumb Code     0  startup_stm32f407xx.o(.text)
    TIM4_IRQHandler                          0x080001b7   Thumb Code     0  startup_stm32f407xx.o(.text)
    TIM5_IRQHandler                          0x080001b7   Thumb Code     0  startup_stm32f407xx.o(.text)
    TIM6_DAC_IRQHandler                      0x080001b7   Thumb Code     0  startup_stm32f407xx.o(.text)
    TIM7_IRQHandler                          0x080001b7   Thumb Code     0  startup_stm32f407xx.o(.text)
    TIM8_BRK_TIM12_IRQHandler                0x080001b7   Thumb Code     0  startup_stm32f407xx.o(.text)
    TIM8_CC_IRQHandler                       0x080001b7   Thumb Code     0  startup_stm32f407xx.o(.text)
    TIM8_TRG_COM_TIM14_IRQHandler            0x080001b7   Thumb Code     0  startup_stm32f407xx.o(.text)
    TIM8_UP_TIM13_IRQHandler                 0x080001b7   Thumb Code     0  startup_stm32f407xx.o(.text)
    UART4_IRQHandler                         0x080001b7   Thumb Code     0  startup_stm32f407xx.o(.text)
    UART5_IRQHandler                         0x080001b7   Thumb Code     0  startup_stm32f407xx.o(.text)
    USART1_IRQHandler                        0x080001b7   Thumb Code     0  startup_stm32f407xx.o(.text)
    USART2_IRQHandler                        0x080001b7   Thumb Code     0  startup_stm32f407xx.o(.text)
    USART3_IRQHandler                        0x080001b7   Thumb Code     0  startup_stm32f407xx.o(.text)
    USART6_IRQHandler                        0x080001b7   Thumb Code     0  startup_stm32f407xx.o(.text)
    WWDG_IRQHandler                          0x080001b7   Thumb Code     0  startup_stm32f407xx.o(.text)
    __aeabi_uldivmod                         0x080001c1   Thumb Code    98  uldiv.o(.text)
    __aeabi_memcpy                           0x08000223   Thumb Code    36  memcpya.o(.text)
    __aeabi_memcpy4                          0x08000223   Thumb Code     0  memcpya.o(.text)
    __aeabi_memcpy8                          0x08000223   Thumb Code     0  memcpya.o(.text)
    __aeabi_memset                           0x08000247   Thumb Code    14  memseta.o(.text)
    __aeabi_memset4                          0x08000247   Thumb Code     0  memseta.o(.text)
    __aeabi_memset8                          0x08000247   Thumb Code     0  memseta.o(.text)
    __aeabi_memclr                           0x08000255   Thumb Code     4  memseta.o(.text)
    __aeabi_memclr4                          0x08000255   Thumb Code     0  memseta.o(.text)
    __aeabi_memclr8                          0x08000255   Thumb Code     0  memseta.o(.text)
    _memset$wrapper                          0x08000259   Thumb Code    18  memseta.o(.text)
    strlen                                   0x0800026b   Thumb Code    14  strlen.o(.text)
    __aeabi_llsl                             0x08000279   Thumb Code    30  llshl.o(.text)
    _ll_shift_l                              0x08000279   Thumb Code     0  llshl.o(.text)
    __aeabi_llsr                             0x08000297   Thumb Code    32  llushr.o(.text)
    _ll_ushift_r                             0x08000297   Thumb Code     0  llushr.o(.text)
    __scatterload                            0x080002b9   Thumb Code    28  init.o(.text)
    __scatterload_rt2                        0x080002b9   Thumb Code     0  init.o(.text)
    BusFault_Handler                         0x080002dd   Thumb Code     2  stm32f4xx_it.o(i.BusFault_Handler)
    DMA1_Stream5_IRQHandler                  0x080003bd   Thumb Code     6  stm32f4xx_it.o(i.DMA1_Stream5_IRQHandler)
    DebugMon_Handler                         0x080004b5   Thumb Code     2  stm32f4xx_it.o(i.DebugMon_Handler)
    Error_Handler                            0x080004b7   Thumb Code     2  main.o(i.Error_Handler)
    HAL_DMA_IRQHandler                       0x080004d1   Thumb Code   412  stm32f4xx_hal_dma.o(i.HAL_DMA_IRQHandler)
    HAL_DMA_Init                             0x08000671   Thumb Code   206  stm32f4xx_hal_dma.o(i.HAL_DMA_Init)
    HAL_DMA_Start_IT                         0x08000745   Thumb Code   120  stm32f4xx_hal_dma.o(i.HAL_DMA_Start_IT)
    HAL_Delay                                0x080007bd   Thumb Code    32  stm32f4xx_hal.o(i.HAL_Delay)
    HAL_GPIO_Init                            0x080007e1   Thumb Code   388  stm32f4xx_hal_gpio.o(i.HAL_GPIO_Init)
    HAL_GPIO_WritePin                        0x08000991   Thumb Code    10  stm32f4xx_hal_gpio.o(i.HAL_GPIO_WritePin)
    HAL_GetTick                              0x0800099d   Thumb Code     6  stm32f4xx_hal.o(i.HAL_GetTick)
    HAL_HCD_Connect_Callback                 0x080009a9   Thumb Code     8  usbh_conf.o(i.HAL_HCD_Connect_Callback)
    HAL_HCD_Disconnect_Callback              0x080009b1   Thumb Code     8  usbh_conf.o(i.HAL_HCD_Disconnect_Callback)
    HAL_HCD_GetCurrentFrame                  0x080009b9   Thumb Code     6  stm32f4xx_hal_hcd.o(i.HAL_HCD_GetCurrentFrame)
    HAL_HCD_GetCurrentSpeed                  0x080009bf   Thumb Code     6  stm32f4xx_hal_hcd.o(i.HAL_HCD_GetCurrentSpeed)
    HAL_HCD_HC_GetURBState                   0x080009c5   Thumb Code    14  stm32f4xx_hal_hcd.o(i.HAL_HCD_HC_GetURBState)
    HAL_HCD_HC_GetXferCount                  0x080009d3   Thumb Code    12  stm32f4xx_hal_hcd.o(i.HAL_HCD_HC_GetXferCount)
    HAL_HCD_HC_Halt                          0x080009df   Thumb Code    36  stm32f4xx_hal_hcd.o(i.HAL_HCD_HC_Halt)
    HAL_HCD_HC_Init                          0x08000a03   Thumb Code   114  stm32f4xx_hal_hcd.o(i.HAL_HCD_HC_Init)
    HAL_HCD_HC_NotifyURBChange_Callback      0x08000a75   Thumb Code     2  usbh_conf.o(i.HAL_HCD_HC_NotifyURBChange_Callback)
    HAL_HCD_HC_SubmitRequest                 0x08000a77   Thumb Code   142  stm32f4xx_hal_hcd.o(i.HAL_HCD_HC_SubmitRequest)
    HAL_HCD_IRQHandler                       0x08000b05   Thumb Code   306  stm32f4xx_hal_hcd.o(i.HAL_HCD_IRQHandler)
    HAL_HCD_Init                             0x08000c37   Thumb Code   114  stm32f4xx_hal_hcd.o(i.HAL_HCD_Init)
    HAL_HCD_MspInit                          0x08000ca9   Thumb Code   140  usbh_conf.o(i.HAL_HCD_MspInit)
    HAL_HCD_PortDisabled_Callback            0x08000d3d   Thumb Code     8  usbh_conf.o(i.HAL_HCD_PortDisabled_Callback)
    HAL_HCD_PortEnabled_Callback             0x08000d45   Thumb Code     8  usbh_conf.o(i.HAL_HCD_PortEnabled_Callback)
    HAL_HCD_ResetPort                        0x08000d4d   Thumb Code     6  stm32f4xx_hal_hcd.o(i.HAL_HCD_ResetPort)
    HAL_HCD_SOF_Callback                     0x08000d53   Thumb Code     8  usbh_conf.o(i.HAL_HCD_SOF_Callback)
    HAL_HCD_Start                            0x08000d5b   Thumb Code    44  stm32f4xx_hal_hcd.o(i.HAL_HCD_Start)
    HAL_HCD_Stop                             0x08000d87   Thumb Code    36  stm32f4xx_hal_hcd.o(i.HAL_HCD_Stop)
    HAL_I2C_Init                             0x08000dad   Thumb Code   356  stm32f4xx_hal_i2c.o(i.HAL_I2C_Init)
    HAL_I2C_MspInit                          0x08000f21   Thumb Code    94  stm32f4xx_hal_msp.o(i.HAL_I2C_MspInit)
    HAL_I2SEx_FullDuplex_IRQHandler          0x08000f8d   Thumb Code   492  stm32f4xx_hal_i2s_ex.o(i.HAL_I2SEx_FullDuplex_IRQHandler)
    HAL_I2SEx_TxRxCpltCallback               0x08001181   Thumb Code     2  stm32f4xx_hal_i2s_ex.o(i.HAL_I2SEx_TxRxCpltCallback)
    HAL_I2S_ErrorCallback                    0x08001183   Thumb Code     2  stm32f4xx_hal_i2s.o(i.HAL_I2S_ErrorCallback)
    HAL_I2S_Init                             0x08001185   Thumb Code   354  stm32f4xx_hal_i2s.o(i.HAL_I2S_Init)
    HAL_I2S_MspInit                          0x080012f9   Thumb Code   128  stm32f4xx_hal_msp.o(i.HAL_I2S_MspInit)
    HAL_I2S_RxCpltCallback                   0x08001389   Thumb Code     2  stm32f4xx_hal_i2s.o(i.HAL_I2S_RxCpltCallback)
    HAL_I2S_TxCpltCallback                   0x0800138b   Thumb Code     2  stm32f4xx_hal_i2s.o(i.HAL_I2S_TxCpltCallback)
    HAL_IncTick                              0x0800138d   Thumb Code    12  stm32f4xx_hal.o(i.HAL_IncTick)
    HAL_Init                                 0x0800139d   Thumb Code    48  stm32f4xx_hal.o(i.HAL_Init)
    HAL_InitTick                             0x080013d1   Thumb Code    54  stm32f4xx_hal.o(i.HAL_InitTick)
    HAL_MspInit                              0x08001411   Thumb Code    42  stm32f4xx_hal_msp.o(i.HAL_MspInit)
    HAL_NVIC_EnableIRQ                       0x08001441   Thumb Code    26  stm32f4xx_hal_cortex.o(i.HAL_NVIC_EnableIRQ)
    HAL_NVIC_SetPriority                     0x0800145d   Thumb Code    60  stm32f4xx_hal_cortex.o(i.HAL_NVIC_SetPriority)
    HAL_NVIC_SetPriorityGrouping             0x0800149d   Thumb Code    26  stm32f4xx_hal_cortex.o(i.HAL_NVIC_SetPriorityGrouping)
    HAL_RCCEx_GetPeriphCLKFreq               0x080014c1   Thumb Code    76  stm32f4xx_hal_rcc_ex.o(i.HAL_RCCEx_GetPeriphCLKFreq)
    HAL_RCCEx_PeriphCLKConfig                0x0800151d   Thumb Code   296  stm32f4xx_hal_rcc_ex.o(i.HAL_RCCEx_PeriphCLKConfig)
    HAL_RCC_ClockConfig                      0x08001659   Thumb Code   286  stm32f4xx_hal_rcc.o(i.HAL_RCC_ClockConfig)
    HAL_RCC_GetPCLK1Freq                     0x08001789   Thumb Code    20  stm32f4xx_hal_rcc.o(i.HAL_RCC_GetPCLK1Freq)
    HAL_RCC_GetPCLK2Freq                     0x080017a9   Thumb Code    20  stm32f4xx_hal_rcc.o(i.HAL_RCC_GetPCLK2Freq)
    HAL_RCC_GetSysClockFreq                  0x080017c9   Thumb Code    88  stm32f4xx_hal_rcc.o(i.HAL_RCC_GetSysClockFreq)
    HAL_RCC_OscConfig                        0x08001829   Thumb Code   770  stm32f4xx_hal_rcc.o(i.HAL_RCC_OscConfig)
    HAL_SPI_Init                             0x08001b45   Thumb Code   128  stm32f4xx_hal_spi.o(i.HAL_SPI_Init)
    HAL_SPI_MspInit                          0x08001bc5   Thumb Code    90  stm32f4xx_hal_msp.o(i.HAL_SPI_MspInit)
    HAL_SYSTICK_Config                       0x08001c2d   Thumb Code    40  stm32f4xx_hal_cortex.o(i.HAL_SYSTICK_Config)
    HAL_UART_ErrorCallback                   0x08001c55   Thumb Code     2  stm32f4xx_hal_uart.o(i.HAL_UART_ErrorCallback)
    HAL_UART_Init                            0x08001c57   Thumb Code    98  stm32f4xx_hal_uart.o(i.HAL_UART_Init)
    HAL_UART_MspInit                         0x08001cb9   Thumb Code   142  stm32f4xx_hal_msp.o(i.HAL_UART_MspInit)
    HAL_UART_Receive_DMA                     0x08001d5d   Thumb Code   138  stm32f4xx_hal_uart.o(i.HAL_UART_Receive_DMA)
    HAL_UART_RxCpltCallback                  0x08001df5   Thumb Code    44  main.o(i.HAL_UART_RxCpltCallback)
    HAL_UART_RxHalfCpltCallback              0x08001e29   Thumb Code     2  stm32f4xx_hal_uart.o(i.HAL_UART_RxHalfCpltCallback)
    HAL_UART_Transmit                        0x08001e2b   Thumb Code   186  stm32f4xx_hal_uart.o(i.HAL_UART_Transmit)
    HardFault_Handler                        0x0800247d   Thumb Code     2  stm32f4xx_it.o(i.HardFault_Handler)
    MX_DriverVbusFS                          0x08002635   Thumb Code    16  usbh_platform.o(i.MX_DriverVbusFS)
    MX_USB_HOST_Init                         0x080027e1   Thumb Code    52  usb_host.o(i.MX_USB_HOST_Init)
    MX_USB_HOST_Process                      0x08002821   Thumb Code     6  usb_host.o(i.MX_USB_HOST_Process)
    MemManage_Handler                        0x0800282d   Thumb Code     2  stm32f4xx_it.o(i.MemManage_Handler)
    NMI_Handler                              0x0800282f   Thumb Code     2  stm32f4xx_it.o(i.NMI_Handler)
    OTG_FS_IRQHandler                        0x08002831   Thumb Code     6  stm32f4xx_it.o(i.OTG_FS_IRQHandler)
    PendSV_Handler                           0x0800283d   Thumb Code     2  stm32f4xx_it.o(i.PendSV_Handler)
    SVC_Handler                              0x0800283f   Thumb Code     2  stm32f4xx_it.o(i.SVC_Handler)
    SysTick_Handler                          0x08002841   Thumb Code     4  stm32f4xx_it.o(i.SysTick_Handler)
    SystemClock_Config                       0x08002845   Thumb Code   148  main.o(i.SystemClock_Config)
    SystemInit                               0x080028e1   Thumb Code    66  system_stm32f4xx.o(i.SystemInit)
    USBH_AllocPipe                           0x08002d05   Thumb Code    52  usbh_pipes.o(i.USBH_AllocPipe)
    USBH_BulkReceiveData                     0x08002d39   Thumb Code    32  usbh_ioreq.o(i.USBH_BulkReceiveData)
    USBH_BulkSendData                        0x08002d59   Thumb Code    40  usbh_ioreq.o(i.USBH_BulkSendData)
    USBH_CDC_LineCodingChanged               0x08002f37   Thumb Code     2  usbh_cdc.o(i.USBH_CDC_LineCodingChanged)
    USBH_CDC_ReceiveCallback                 0x08002ff1   Thumb Code     2  usbh_cdc.o(i.USBH_CDC_ReceiveCallback)
    USBH_CDC_TransmitCallback                0x08002ff7   Thumb Code     2  usbh_cdc.o(i.USBH_CDC_TransmitCallback)
    USBH_ClosePipe                           0x08002ff9   Thumb Code    10  usbh_pipes.o(i.USBH_ClosePipe)
    USBH_ClrFeature                          0x08003003   Thumb Code    30  usbh_ctlreq.o(i.USBH_ClrFeature)
    USBH_CtlReceiveData                      0x08003021   Thumb Code    30  usbh_ioreq.o(i.USBH_CtlReceiveData)
    USBH_CtlReq                              0x0800303f   Thumb Code    58  usbh_ctlreq.o(i.USBH_CtlReq)
    USBH_CtlSendData                         0x08003079   Thumb Code    40  usbh_ioreq.o(i.USBH_CtlSendData)
    USBH_CtlSendSetup                        0x080030a1   Thumb Code    30  usbh_ioreq.o(i.USBH_CtlSendSetup)
    USBH_Delay                               0x080030bf   Thumb Code     4  usbh_conf.o(i.USBH_Delay)
    USBH_FindInterface                       0x080030c5   Thumb Code    68  usbh_core.o(i.USBH_FindInterface)
    USBH_FreePipe                            0x08003109   Thumb Code    24  usbh_pipes.o(i.USBH_FreePipe)
    USBH_GetDescriptor                       0x08003121   Thumb Code    52  usbh_ctlreq.o(i.USBH_GetDescriptor)
    USBH_GetNextDesc                         0x08003155   Thumb Code    14  usbh_ctlreq.o(i.USBH_GetNextDesc)
    USBH_Get_CfgDesc                         0x08003163   Thumb Code    44  usbh_ctlreq.o(i.USBH_Get_CfgDesc)
    USBH_Get_DevDesc                         0x0800318f   Thumb Code   144  usbh_ctlreq.o(i.USBH_Get_DevDesc)
    USBH_Get_StringDesc                      0x0800321f   Thumb Code    72  usbh_ctlreq.o(i.USBH_Get_StringDesc)
    USBH_Get_USB_Status                      0x08003267   Thumb Code    24  usbh_conf.o(i.USBH_Get_USB_Status)
    USBH_Init                                0x080034fb   Thumb Code    48  usbh_core.o(i.USBH_Init)
    USBH_LL_ClosePipe                        0x0800352b   Thumb Code    18  usbh_conf.o(i.USBH_LL_ClosePipe)
    USBH_LL_Connect                          0x0800353d   Thumb Code    42  usbh_core.o(i.USBH_LL_Connect)
    USBH_LL_Disconnect                       0x08003567   Thumb Code    56  usbh_core.o(i.USBH_LL_Disconnect)
    USBH_LL_DriverVBUS                       0x0800359f   Thumb Code    26  usbh_conf.o(i.USBH_LL_DriverVBUS)
    USBH_LL_GetLastXferSize                  0x080035b9   Thumb Code     8  usbh_conf.o(i.USBH_LL_GetLastXferSize)
    USBH_LL_GetSpeed                         0x080035c1   Thumb Code    34  usbh_conf.o(i.USBH_LL_GetSpeed)
    USBH_LL_GetURBState                      0x080035e3   Thumb Code     8  usbh_conf.o(i.USBH_LL_GetURBState)
    USBH_LL_IncTimer                         0x080035eb   Thumb Code    30  usbh_core.o(i.USBH_LL_IncTimer)
    USBH_LL_Init                             0x08003609   Thumb Code    74  usbh_conf.o(i.USBH_LL_Init)
    USBH_LL_OpenPipe                         0x08003659   Thumb Code    28  usbh_conf.o(i.USBH_LL_OpenPipe)
    USBH_LL_PortDisabled                     0x08003675   Thumb Code     8  usbh_core.o(i.USBH_LL_PortDisabled)
    USBH_LL_PortEnabled                      0x0800367d   Thumb Code     8  usbh_core.o(i.USBH_LL_PortEnabled)
    USBH_LL_ResetPort                        0x08003685   Thumb Code    18  usbh_conf.o(i.USBH_LL_ResetPort)
    USBH_LL_SetTimer                         0x08003697   Thumb Code     6  usbh_core.o(i.USBH_LL_SetTimer)
    USBH_LL_SetToggle                        0x0800369d   Thumb Code    32  usbh_conf.o(i.USBH_LL_SetToggle)
    USBH_LL_Start                            0x080036bd   Thumb Code    18  usbh_conf.o(i.USBH_LL_Start)
    USBH_LL_Stop                             0x080036cf   Thumb Code    18  usbh_conf.o(i.USBH_LL_Stop)
    USBH_LL_SubmitURB                        0x080036e1   Thumb Code    34  usbh_conf.o(i.USBH_LL_SubmitURB)
    USBH_OpenPipe                            0x08003703   Thumb Code    20  usbh_pipes.o(i.USBH_OpenPipe)
    USBH_Process                             0x080037f3   Thumb Code   416  usbh_core.o(i.USBH_Process)
    USBH_RegisterClass                       0x08003993   Thumb Code    28  usbh_core.o(i.USBH_RegisterClass)
    USBH_SelectInterface                     0x080039af   Thumb Code    22  usbh_core.o(i.USBH_SelectInterface)
    USBH_SetAddress                          0x080039c5   Thumb Code    28  usbh_ctlreq.o(i.USBH_SetAddress)
    USBH_SetCfg                              0x080039e1   Thumb Code    28  usbh_ctlreq.o(i.USBH_SetCfg)
    USBH_SetFeature                          0x080039fd   Thumb Code    28  usbh_ctlreq.o(i.USBH_SetFeature)
    USBH_Start                               0x08003a19   Thumb Code    20  usbh_core.o(i.USBH_Start)
    USB_CoreInit                             0x08003a4d   Thumb Code   112  stm32f4xx_ll_usb.o(i.USB_CoreInit)
    USB_DisableGlobalInt                     0x08003af9   Thumb Code    12  stm32f4xx_ll_usb.o(i.USB_DisableGlobalInt)
    USB_DoPing                               0x08003b05   Thumb Code    30  stm32f4xx_ll_usb.o(i.USB_DoPing)
    USB_DriveVbus                            0x08003b29   Thumb Code    44  stm32f4xx_ll_usb.o(i.USB_DriveVbus)
    USB_EnableGlobalInt                      0x08003b55   Thumb Code    12  stm32f4xx_ll_usb.o(i.USB_EnableGlobalInt)
    USB_FlushRxFifo                          0x08003b61   Thumb Code    28  stm32f4xx_ll_usb.o(i.USB_FlushRxFifo)
    USB_FlushTxFifo                          0x08003b81   Thumb Code    32  stm32f4xx_ll_usb.o(i.USB_FlushTxFifo)
    USB_GetCurrentFrame                      0x08003ba5   Thumb Code     8  stm32f4xx_ll_usb.o(i.USB_GetCurrentFrame)
    USB_GetHostSpeed                         0x08003bad   Thumb Code    14  stm32f4xx_ll_usb.o(i.USB_GetHostSpeed)
    USB_GetMode                              0x08003bbb   Thumb Code     8  stm32f4xx_ll_usb.o(i.USB_GetMode)
    USB_HC_Halt                              0x08003bc3   Thumb Code   194  stm32f4xx_ll_usb.o(i.USB_HC_Halt)
    USB_HC_Init                              0x08003c85   Thumb Code   240  stm32f4xx_ll_usb.o(i.USB_HC_Init)
    USB_HC_ReadInterrupt                     0x08003d75   Thumb Code     8  stm32f4xx_ll_usb.o(i.USB_HC_ReadInterrupt)
    USB_HC_StartXfer                         0x08003d7d   Thumb Code   330  stm32f4xx_ll_usb.o(i.USB_HC_StartXfer)
    USB_HostInit                             0x08003ecd   Thumb Code   194  stm32f4xx_ll_usb.o(i.USB_HostInit)
    USB_InitFSLSPClkSel                      0x08003fa5   Thumb Code    54  stm32f4xx_ll_usb.o(i.USB_InitFSLSPClkSel)
    USB_ReadInterrupts                       0x08003fdb   Thumb Code     8  stm32f4xx_ll_usb.o(i.USB_ReadInterrupts)
    USB_ReadPacket                           0x08003fe3   Thumb Code    28  stm32f4xx_ll_usb.o(i.USB_ReadPacket)
    USB_ResetPort                            0x08003fff   Thumb Code    50  stm32f4xx_ll_usb.o(i.USB_ResetPort)
    USB_SetCurrentMode                       0x08004031   Thumb Code    46  stm32f4xx_ll_usb.o(i.USB_SetCurrentMode)
    USB_StopHost                             0x08004061   Thumb Code   126  stm32f4xx_ll_usb.o(i.USB_StopHost)
    USB_WritePacket                          0x080040df   Thumb Code    36  stm32f4xx_ll_usb.o(i.USB_WritePacket)
    UsageFault_Handler                       0x08004103   Thumb Code     2  stm32f4xx_it.o(i.UsageFault_Handler)
    __scatterload_copy                       0x08004125   Thumb Code    14  handlers.o(i.__scatterload_copy)
    __scatterload_null                       0x08004133   Thumb Code     2  handlers.o(i.__scatterload_null)
    __scatterload_zeroinit                   0x08004135   Thumb Code    14  handlers.o(i.__scatterload_zeroinit)
    free                                     0x08004145   Thumb Code    76  malloc.o(i.free)
    main                                     0x08004195   Thumb Code   174  main.o(i.main)
    malloc                                   0x08004265   Thumb Code    92  malloc.o(i.malloc)
    AHBPrescTable                            0x080042d8   Data          16  system_stm32f4xx.o(.constdata)
    APBPrescTable                            0x080042e8   Data           8  system_stm32f4xx.o(.constdata)
    Region$$Table$$Base                      0x080042f4   Number         0  anon$$obj.o(Region$$Table)
    Region$$Table$$Limit                     0x08004314   Number         0  anon$$obj.o(Region$$Table)
    Appli_state                              0x20000000   Data           1  usb_host.o(.data)
    uwTickFreq                               0x20000008   Data           1  stm32f4xx_hal.o(.data)
    uwTickPrio                               0x2000000c   Data           4  stm32f4xx_hal.o(.data)
    uwTick                                   0x20000010   Data           4  stm32f4xx_hal.o(.data)
    SystemCoreClock                          0x20000014   Data           4  system_stm32f4xx.o(.data)
    CDC_Class                                0x20000018   Data          32  usbh_cdc.o(.data)
    __microlib_freelist                      0x20000038   Data           4  mvars.o(.data)
    __microlib_freelist_initialised          0x2000003c   Data           4  mvars.o(.data)
    hi2c1                                    0x20000040   Data          84  main.o(.bss)
    hi2s3                                    0x20000094   Data          72  main.o(.bss)
    hspi1                                    0x200000dc   Data          88  main.o(.bss)
    huart2                                   0x20000134   Data          64  main.o(.bss)
    rxData                                   0x20000174   Data          30  main.o(.bss)
    hdma_usart2_rx                           0x20000194   Data          96  main.o(.bss)
    hUsbHostFS                               0x200001f4   Data         972  usb_host.o(.bss)
    hhcd_USB_OTG_FS                          0x200005c0   Data         708  usbh_conf.o(.bss)
    __heap_base                              0x20000888   Data           0  startup_stm32f407xx.o(HEAP)
    __heap_limit                             0x20000a88   Data           0  startup_stm32f407xx.o(HEAP)
    __initial_sp                             0x20000e88   Data           0  startup_stm32f407xx.o(STACK)



==============================================================================

Memory Map of the image

  Image Entry point : 0x08000189

  Load Region LR_IROM1 (Base: 0x08000000, Size: 0x00004354, Max: 0x00100000, ABSOLUTE)

    Execution Region ER_IROM1 (Exec base: 0x08000000, Load base: 0x08000000, Size: 0x00004314, Max: 0x00100000, ABSOLUTE)

    Exec Addr    Load Addr    Size         Type   Attr      Idx    E Section Name        Object

    0x08000000   0x08000000   0x00000188   Data   RO            3    RESET               startup_stm32f407xx.o
    0x08000188   0x08000188   0x00000000   Code   RO         4109  * .ARM.Collect$$$$00000000  mc_w.l(entry.o)
    0x08000188   0x08000188   0x00000004   Code   RO         4150    .ARM.Collect$$$$00000001  mc_w.l(entry2.o)
    0x0800018c   0x0800018c   0x00000004   Code   RO         4153    .ARM.Collect$$$$00000004  mc_w.l(entry5.o)
    0x08000190   0x08000190   0x00000000   Code   RO         4155    .ARM.Collect$$$$00000008  mc_w.l(entry7b.o)
    0x08000190   0x08000190   0x00000000   Code   RO         4157    .ARM.Collect$$$$0000000A  mc_w.l(entry8b.o)
    0x08000190   0x08000190   0x00000008   Code   RO         4158    .ARM.Collect$$$$0000000B  mc_w.l(entry9a.o)
    0x08000198   0x08000198   0x00000000   Code   RO         4160    .ARM.Collect$$$$0000000D  mc_w.l(entry10a.o)
    0x08000198   0x08000198   0x00000000   Code   RO         4162    .ARM.Collect$$$$0000000F  mc_w.l(entry11a.o)
    0x08000198   0x08000198   0x00000004   Code   RO         4151    .ARM.Collect$$$$00002712  mc_w.l(entry2.o)
    0x0800019c   0x0800019c   0x00000024   Code   RO            4    .text               startup_stm32f407xx.o
    0x080001c0   0x080001c0   0x00000062   Code   RO         4112    .text               mc_w.l(uldiv.o)
    0x08000222   0x08000222   0x00000024   Code   RO         4114    .text               mc_w.l(memcpya.o)
    0x08000246   0x08000246   0x00000024   Code   RO         4116    .text               mc_w.l(memseta.o)
    0x0800026a   0x0800026a   0x0000000e   Code   RO         4118    .text               mc_w.l(strlen.o)
    0x08000278   0x08000278   0x0000001e   Code   RO         4164    .text               mc_w.l(llshl.o)
    0x08000296   0x08000296   0x00000020   Code   RO         4166    .text               mc_w.l(llushr.o)
    0x080002b6   0x080002b6   0x00000002   PAD
    0x080002b8   0x080002b8   0x00000024   Code   RO         4170    .text               mc_w.l(init.o)
    0x080002dc   0x080002dc   0x00000002   Code   RO          460    i.BusFault_Handler  stm32f4xx_it.o
    0x080002de   0x080002de   0x00000002   PAD
    0x080002e0   0x080002e0   0x00000068   Code   RO         3993    i.CDC_ProcessReception  usbh_cdc.o
    0x08000348   0x08000348   0x00000072   Code   RO         3994    i.CDC_ProcessTransmission  usbh_cdc.o
    0x080003ba   0x080003ba   0x00000002   PAD
    0x080003bc   0x080003bc   0x0000000c   Code   RO          461    i.DMA1_Stream5_IRQHandler  stm32f4xx_it.o
    0x080003c8   0x080003c8   0x00000028   Code   RO         1556    i.DMA_CalcBaseAndBitshift  stm32f4xx_hal_dma.o
    0x080003f0   0x080003f0   0x00000054   Code   RO         1557    i.DMA_CheckFifoParam  stm32f4xx_hal_dma.o
    0x08000444   0x08000444   0x00000028   Code   RO         1558    i.DMA_SetConfig     stm32f4xx_hal_dma.o
    0x0800046c   0x0800046c   0x00000048   Code   RO         3651    i.DeInitStateMachine  usbh_core.o
    0x080004b4   0x080004b4   0x00000002   Code   RO          462    i.DebugMon_Handler  stm32f4xx_it.o
    0x080004b6   0x080004b6   0x00000002   Code   RO           13    i.Error_Handler     main.o
    0x080004b8   0x080004b8   0x00000016   Code   RO         3995    i.GetLineCoding     usbh_cdc.o
    0x080004ce   0x080004ce   0x00000002   PAD
    0x080004d0   0x080004d0   0x000001a0   Code   RO         1564    i.HAL_DMA_IRQHandler  stm32f4xx_hal_dma.o
    0x08000670   0x08000670   0x000000d4   Code   RO         1565    i.HAL_DMA_Init      stm32f4xx_hal_dma.o
    0x08000744   0x08000744   0x00000078   Code   RO         1569    i.HAL_DMA_Start_IT  stm32f4xx_hal_dma.o
    0x080007bc   0x080007bc   0x00000024   Code   RO         1978    i.HAL_Delay         stm32f4xx_hal.o
    0x080007e0   0x080007e0   0x000001b0   Code   RO         1452    i.HAL_GPIO_Init     stm32f4xx_hal_gpio.o
    0x08000990   0x08000990   0x0000000a   Code   RO         1456    i.HAL_GPIO_WritePin  stm32f4xx_hal_gpio.o
    0x0800099a   0x0800099a   0x00000002   PAD
    0x0800099c   0x0800099c   0x0000000c   Code   RO         1984    i.HAL_GetTick       stm32f4xx_hal.o
    0x080009a8   0x080009a8   0x00000008   Code   RO          255    i.HAL_HCD_Connect_Callback  usbh_conf.o
    0x080009b0   0x080009b0   0x00000008   Code   RO          256    i.HAL_HCD_Disconnect_Callback  usbh_conf.o
    0x080009b8   0x080009b8   0x00000006   Code   RO          624    i.HAL_HCD_GetCurrentFrame  stm32f4xx_hal_hcd.o
    0x080009be   0x080009be   0x00000006   Code   RO          625    i.HAL_HCD_GetCurrentSpeed  stm32f4xx_hal_hcd.o
    0x080009c4   0x080009c4   0x0000000e   Code   RO          628    i.HAL_HCD_HC_GetURBState  stm32f4xx_hal_hcd.o
    0x080009d2   0x080009d2   0x0000000c   Code   RO          629    i.HAL_HCD_HC_GetXferCount  stm32f4xx_hal_hcd.o
    0x080009de   0x080009de   0x00000024   Code   RO          630    i.HAL_HCD_HC_Halt   stm32f4xx_hal_hcd.o
    0x08000a02   0x08000a02   0x00000072   Code   RO          631    i.HAL_HCD_HC_Init   stm32f4xx_hal_hcd.o
    0x08000a74   0x08000a74   0x00000002   Code   RO          257    i.HAL_HCD_HC_NotifyURBChange_Callback  usbh_conf.o
    0x08000a76   0x08000a76   0x0000008e   Code   RO          633    i.HAL_HCD_HC_SubmitRequest  stm32f4xx_hal_hcd.o
    0x08000b04   0x08000b04   0x00000132   Code   RO          634    i.HAL_HCD_IRQHandler  stm32f4xx_hal_hcd.o
    0x08000c36   0x08000c36   0x00000072   Code   RO          635    i.HAL_HCD_Init      stm32f4xx_hal_hcd.o
    0x08000ca8   0x08000ca8   0x00000094   Code   RO          259    i.HAL_HCD_MspInit   usbh_conf.o
    0x08000d3c   0x08000d3c   0x00000008   Code   RO          260    i.HAL_HCD_PortDisabled_Callback  usbh_conf.o
    0x08000d44   0x08000d44   0x00000008   Code   RO          261    i.HAL_HCD_PortEnabled_Callback  usbh_conf.o
    0x08000d4c   0x08000d4c   0x00000006   Code   RO          640    i.HAL_HCD_ResetPort  stm32f4xx_hal_hcd.o
    0x08000d52   0x08000d52   0x00000008   Code   RO          262    i.HAL_HCD_SOF_Callback  usbh_conf.o
    0x08000d5a   0x08000d5a   0x0000002c   Code   RO          642    i.HAL_HCD_Start     stm32f4xx_hal_hcd.o
    0x08000d86   0x08000d86   0x00000024   Code   RO          643    i.HAL_HCD_Stop      stm32f4xx_hal_hcd.o
    0x08000daa   0x08000daa   0x00000002   PAD
    0x08000dac   0x08000dac   0x00000174   Code   RO         2237    i.HAL_I2C_Init      stm32f4xx_hal_i2c.o
    0x08000f20   0x08000f20   0x0000006c   Code   RO          549    i.HAL_I2C_MspInit   stm32f4xx_hal_msp.o
    0x08000f8c   0x08000f8c   0x000001f4   Code   RO         2845    i.HAL_I2SEx_FullDuplex_IRQHandler  stm32f4xx_hal_i2s_ex.o
    0x08001180   0x08001180   0x00000002   Code   RO         2849    i.HAL_I2SEx_TxRxCpltCallback  stm32f4xx_hal_i2s_ex.o
    0x08001182   0x08001182   0x00000002   Code   RO         2670    i.HAL_I2S_ErrorCallback  stm32f4xx_hal_i2s.o
    0x08001184   0x08001184   0x00000174   Code   RO         2674    i.HAL_I2S_Init      stm32f4xx_hal_i2s.o
    0x080012f8   0x080012f8   0x00000090   Code   RO          551    i.HAL_I2S_MspInit   stm32f4xx_hal_msp.o
    0x08001388   0x08001388   0x00000002   Code   RO         2680    i.HAL_I2S_RxCpltCallback  stm32f4xx_hal_i2s.o
    0x0800138a   0x0800138a   0x00000002   Code   RO         2685    i.HAL_I2S_TxCpltCallback  stm32f4xx_hal_i2s.o
    0x0800138c   0x0800138c   0x00000010   Code   RO         1990    i.HAL_IncTick       stm32f4xx_hal.o
    0x0800139c   0x0800139c   0x00000034   Code   RO         1991    i.HAL_Init          stm32f4xx_hal.o
    0x080013d0   0x080013d0   0x00000040   Code   RO         1992    i.HAL_InitTick      stm32f4xx_hal.o
    0x08001410   0x08001410   0x00000030   Code   RO          552    i.HAL_MspInit       stm32f4xx_hal_msp.o
    0x08001440   0x08001440   0x0000001a   Code   RO         1841    i.HAL_NVIC_EnableIRQ  stm32f4xx_hal_cortex.o
    0x0800145a   0x0800145a   0x00000002   PAD
    0x0800145c   0x0800145c   0x00000040   Code   RO         1847    i.HAL_NVIC_SetPriority  stm32f4xx_hal_cortex.o
    0x0800149c   0x0800149c   0x00000024   Code   RO         1848    i.HAL_NVIC_SetPriorityGrouping  stm32f4xx_hal_cortex.o
    0x080014c0   0x080014c0   0x0000005c   Code   RO         1202    i.HAL_RCCEx_GetPeriphCLKFreq  stm32f4xx_hal_rcc_ex.o
    0x0800151c   0x0800151c   0x0000013c   Code   RO         1203    i.HAL_RCCEx_PeriphCLKConfig  stm32f4xx_hal_rcc_ex.o
    0x08001658   0x08001658   0x00000130   Code   RO         1098    i.HAL_RCC_ClockConfig  stm32f4xx_hal_rcc.o
    0x08001788   0x08001788   0x00000020   Code   RO         1105    i.HAL_RCC_GetPCLK1Freq  stm32f4xx_hal_rcc.o
    0x080017a8   0x080017a8   0x00000020   Code   RO         1106    i.HAL_RCC_GetPCLK2Freq  stm32f4xx_hal_rcc.o
    0x080017c8   0x080017c8   0x00000060   Code   RO         1107    i.HAL_RCC_GetSysClockFreq  stm32f4xx_hal_rcc.o
    0x08001828   0x08001828   0x0000031c   Code   RO         1110    i.HAL_RCC_OscConfig  stm32f4xx_hal_rcc.o
    0x08001b44   0x08001b44   0x00000080   Code   RO         2940    i.HAL_SPI_Init      stm32f4xx_hal_spi.o
    0x08001bc4   0x08001bc4   0x00000068   Code   RO          554    i.HAL_SPI_MspInit   stm32f4xx_hal_msp.o
    0x08001c2c   0x08001c2c   0x00000028   Code   RO         1852    i.HAL_SYSTICK_Config  stm32f4xx_hal_cortex.o
    0x08001c54   0x08001c54   0x00000002   Code   RO         3308    i.HAL_UART_ErrorCallback  stm32f4xx_hal_uart.o
    0x08001c56   0x08001c56   0x00000062   Code   RO         3312    i.HAL_UART_Init     stm32f4xx_hal_uart.o
    0x08001cb8   0x08001cb8   0x000000a4   Code   RO          556    i.HAL_UART_MspInit  stm32f4xx_hal_msp.o
    0x08001d5c   0x08001d5c   0x00000098   Code   RO         3316    i.HAL_UART_Receive_DMA  stm32f4xx_hal_uart.o
    0x08001df4   0x08001df4   0x00000034   Code   RO           14    i.HAL_UART_RxCpltCallback  main.o
    0x08001e28   0x08001e28   0x00000002   Code   RO         3319    i.HAL_UART_RxHalfCpltCallback  stm32f4xx_hal_uart.o
    0x08001e2a   0x08001e2a   0x000000ba   Code   RO         3320    i.HAL_UART_Transmit  stm32f4xx_hal_uart.o
    0x08001ee4   0x08001ee4   0x0000022c   Code   RO          644    i.HCD_HC_IN_IRQHandler  stm32f4xx_hal_hcd.o
    0x08002110   0x08002110   0x00000244   Code   RO          645    i.HCD_HC_OUT_IRQHandler  stm32f4xx_hal_hcd.o
    0x08002354   0x08002354   0x000000b8   Code   RO          646    i.HCD_Port_IRQHandler  stm32f4xx_hal_hcd.o
    0x0800240c   0x0800240c   0x00000070   Code   RO          647    i.HCD_RXQLVL_IRQHandler  stm32f4xx_hal_hcd.o
    0x0800247c   0x0800247c   0x00000002   Code   RO          463    i.HardFault_Handler  stm32f4xx_it.o
    0x0800247e   0x0800247e   0x00000002   PAD
    0x08002480   0x08002480   0x00000060   Code   RO         2852    i.I2SEx_RxISR_I2SExt  stm32f4xx_hal_i2s_ex.o
    0x080024e0   0x080024e0   0x00000060   Code   RO         2853    i.I2SEx_TxISR_I2SExt  stm32f4xx_hal_i2s_ex.o
    0x08002540   0x08002540   0x000000f2   Code   RO         2692    i.I2S_IRQHandler    stm32f4xx_hal_i2s.o
    0x08002632   0x08002632   0x00000002   PAD
    0x08002634   0x08002634   0x00000014   Code   RO          436    i.MX_DriverVbusFS   usbh_platform.o
    0x08002648   0x08002648   0x00000164   Code   RO           15    i.MX_GPIO_Init      main.o
    0x080027ac   0x080027ac   0x00000034   Code   RO           16    i.MX_SPI1_Init      main.o
    0x080027e0   0x080027e0   0x00000040   Code   RO          186    i.MX_USB_HOST_Init  usb_host.o
    0x08002820   0x08002820   0x0000000c   Code   RO          187    i.MX_USB_HOST_Process  usb_host.o
    0x0800282c   0x0800282c   0x00000002   Code   RO          464    i.MemManage_Handler  stm32f4xx_it.o
    0x0800282e   0x0800282e   0x00000002   Code   RO          465    i.NMI_Handler       stm32f4xx_it.o
    0x08002830   0x08002830   0x0000000c   Code   RO          466    i.OTG_FS_IRQHandler  stm32f4xx_it.o
    0x0800283c   0x0800283c   0x00000002   Code   RO          467    i.PendSV_Handler    stm32f4xx_it.o
    0x0800283e   0x0800283e   0x00000002   Code   RO          468    i.SVC_Handler       stm32f4xx_it.o
    0x08002840   0x08002840   0x00000004   Code   RO          469    i.SysTick_Handler   stm32f4xx_it.o
    0x08002844   0x08002844   0x0000009c   Code   RO           17    i.SystemClock_Config  main.o
    0x080028e0   0x080028e0   0x00000054   Code   RO         3614    i.SystemInit        system_stm32f4xx.o
    0x08002934   0x08002934   0x0000004a   Code   RO         3326    i.UART_DMAError     stm32f4xx_hal_uart.o
    0x0800297e   0x0800297e   0x0000003c   Code   RO         3327    i.UART_DMAReceiveCplt  stm32f4xx_hal_uart.o
    0x080029ba   0x080029ba   0x0000000a   Code   RO         3329    i.UART_DMARxHalfCplt  stm32f4xx_hal_uart.o
    0x080029c4   0x080029c4   0x0000001c   Code   RO         3335    i.UART_EndRxTransfer  stm32f4xx_hal_uart.o
    0x080029e0   0x080029e0   0x00000012   Code   RO         3336    i.UART_EndTxTransfer  stm32f4xx_hal_uart.o
    0x080029f2   0x080029f2   0x00000002   PAD
    0x080029f4   0x080029f4   0x000002ac   Code   RO         3338    i.UART_SetConfig    stm32f4xx_hal_uart.o
    0x08002ca0   0x08002ca0   0x00000064   Code   RO         3340    i.UART_WaitOnFlagUntilTimeout  stm32f4xx_hal_uart.o
    0x08002d04   0x08002d04   0x00000034   Code   RO         3951    i.USBH_AllocPipe    usbh_pipes.o
    0x08002d38   0x08002d38   0x00000020   Code   RO         3879    i.USBH_BulkReceiveData  usbh_ioreq.o
    0x08002d58   0x08002d58   0x00000028   Code   RO         3880    i.USBH_BulkSendData  usbh_ioreq.o
    0x08002d80   0x08002d80   0x00000024   Code   RO         3996    i.USBH_CDC_ClassRequest  usbh_cdc.o
    0x08002da4   0x08002da4   0x0000005e   Code   RO         3999    i.USBH_CDC_InterfaceDeInit  usbh_cdc.o
    0x08002e02   0x08002e02   0x00000134   Code   RO         4000    i.USBH_CDC_InterfaceInit  usbh_cdc.o
    0x08002f36   0x08002f36   0x00000002   Code   RO         4001    i.USBH_CDC_LineCodingChanged  usbh_cdc.o
    0x08002f38   0x08002f38   0x000000b8   Code   RO         4002    i.USBH_CDC_Process  usbh_cdc.o
    0x08002ff0   0x08002ff0   0x00000002   Code   RO         4004    i.USBH_CDC_ReceiveCallback  usbh_cdc.o
    0x08002ff2   0x08002ff2   0x00000004   Code   RO         4005    i.USBH_CDC_SOFProcess  usbh_cdc.o
    0x08002ff6   0x08002ff6   0x00000002   Code   RO         4009    i.USBH_CDC_TransmitCallback  usbh_cdc.o
    0x08002ff8   0x08002ff8   0x0000000a   Code   RO         3952    i.USBH_ClosePipe    usbh_pipes.o
    0x08003002   0x08003002   0x0000001e   Code   RO         3785    i.USBH_ClrFeature   usbh_ctlreq.o
    0x08003020   0x08003020   0x0000001e   Code   RO         3881    i.USBH_CtlReceiveData  usbh_ioreq.o
    0x0800303e   0x0800303e   0x0000003a   Code   RO         3786    i.USBH_CtlReq       usbh_ctlreq.o
    0x08003078   0x08003078   0x00000028   Code   RO         3882    i.USBH_CtlSendData  usbh_ioreq.o
    0x080030a0   0x080030a0   0x0000001e   Code   RO         3883    i.USBH_CtlSendSetup  usbh_ioreq.o
    0x080030be   0x080030be   0x00000004   Code   RO          263    i.USBH_Delay        usbh_conf.o
    0x080030c2   0x080030c2   0x00000002   PAD
    0x080030c4   0x080030c4   0x00000044   Code   RO         3653    i.USBH_FindInterface  usbh_core.o
    0x08003108   0x08003108   0x00000018   Code   RO         3953    i.USBH_FreePipe     usbh_pipes.o
    0x08003120   0x08003120   0x00000034   Code   RO         3787    i.USBH_GetDescriptor  usbh_ctlreq.o
    0x08003154   0x08003154   0x0000000e   Code   RO         3788    i.USBH_GetNextDesc  usbh_ctlreq.o
    0x08003162   0x08003162   0x0000002c   Code   RO         3789    i.USBH_Get_CfgDesc  usbh_ctlreq.o
    0x0800318e   0x0800318e   0x00000090   Code   RO         3790    i.USBH_Get_DevDesc  usbh_ctlreq.o
    0x0800321e   0x0800321e   0x00000048   Code   RO         3791    i.USBH_Get_StringDesc  usbh_ctlreq.o
    0x08003266   0x08003266   0x00000018   Code   RO          264    i.USBH_Get_USB_Status  usbh_conf.o
    0x0800327e   0x0800327e   0x0000018a   Code   RO         3792    i.USBH_HandleControl  usbh_ctlreq.o
    0x08003408   0x08003408   0x000000f2   Code   RO         3656    i.USBH_HandleEnum   usbh_core.o
    0x080034fa   0x080034fa   0x00000030   Code   RO         3657    i.USBH_Init         usbh_core.o
    0x0800352a   0x0800352a   0x00000012   Code   RO          265    i.USBH_LL_ClosePipe  usbh_conf.o
    0x0800353c   0x0800353c   0x0000002a   Code   RO         3659    i.USBH_LL_Connect   usbh_core.o
    0x08003566   0x08003566   0x00000038   Code   RO         3660    i.USBH_LL_Disconnect  usbh_core.o
    0x0800359e   0x0800359e   0x0000001a   Code   RO          267    i.USBH_LL_DriverVBUS  usbh_conf.o
    0x080035b8   0x080035b8   0x00000008   Code   RO          268    i.USBH_LL_GetLastXferSize  usbh_conf.o
    0x080035c0   0x080035c0   0x00000022   Code   RO          269    i.USBH_LL_GetSpeed  usbh_conf.o
    0x080035e2   0x080035e2   0x00000008   Code   RO          271    i.USBH_LL_GetURBState  usbh_conf.o
    0x080035ea   0x080035ea   0x0000001e   Code   RO         3661    i.USBH_LL_IncTimer  usbh_core.o
    0x08003608   0x08003608   0x00000050   Code   RO          272    i.USBH_LL_Init      usbh_conf.o
    0x08003658   0x08003658   0x0000001c   Code   RO          273    i.USBH_LL_OpenPipe  usbh_conf.o
    0x08003674   0x08003674   0x00000008   Code   RO         3662    i.USBH_LL_PortDisabled  usbh_core.o
    0x0800367c   0x0800367c   0x00000008   Code   RO         3663    i.USBH_LL_PortEnabled  usbh_core.o
    0x08003684   0x08003684   0x00000012   Code   RO          274    i.USBH_LL_ResetPort  usbh_conf.o
    0x08003696   0x08003696   0x00000006   Code   RO         3664    i.USBH_LL_SetTimer  usbh_core.o
    0x0800369c   0x0800369c   0x00000020   Code   RO          275    i.USBH_LL_SetToggle  usbh_conf.o
    0x080036bc   0x080036bc   0x00000012   Code   RO          276    i.USBH_LL_Start     usbh_conf.o
    0x080036ce   0x080036ce   0x00000012   Code   RO          277    i.USBH_LL_Stop      usbh_conf.o
    0x080036e0   0x080036e0   0x00000022   Code   RO          278    i.USBH_LL_SubmitURB  usbh_conf.o
    0x08003702   0x08003702   0x00000014   Code   RO         3954    i.USBH_OpenPipe     usbh_pipes.o
    0x08003716   0x08003716   0x000000dc   Code   RO         3793    i.USBH_ParseCfgDesc  usbh_ctlreq.o
    0x080037f2   0x080037f2   0x000001a0   Code   RO         3665    i.USBH_Process      usbh_core.o
    0x08003992   0x08003992   0x0000001c   Code   RO         3667    i.USBH_RegisterClass  usbh_core.o
    0x080039ae   0x080039ae   0x00000016   Code   RO         3668    i.USBH_SelectInterface  usbh_core.o
    0x080039c4   0x080039c4   0x0000001c   Code   RO         3794    i.USBH_SetAddress   usbh_ctlreq.o
    0x080039e0   0x080039e0   0x0000001c   Code   RO         3795    i.USBH_SetCfg       usbh_ctlreq.o
    0x080039fc   0x080039fc   0x0000001c   Code   RO         3796    i.USBH_SetFeature   usbh_ctlreq.o
    0x08003a18   0x08003a18   0x00000014   Code   RO         3669    i.USBH_Start        usbh_core.o
    0x08003a2c   0x08003a2c   0x00000020   Code   RO          188    i.USBH_UserProcess  usb_host.o
    0x08003a4c   0x08003a4c   0x00000074   Code   RO          802    i.USB_CoreInit      stm32f4xx_ll_usb.o
    0x08003ac0   0x08003ac0   0x00000038   Code   RO          803    i.USB_CoreReset     stm32f4xx_ll_usb.o
    0x08003af8   0x08003af8   0x0000000c   Code   RO          810    i.USB_DisableGlobalInt  stm32f4xx_ll_usb.o
    0x08003b04   0x08003b04   0x00000024   Code   RO          811    i.USB_DoPing        stm32f4xx_ll_usb.o
    0x08003b28   0x08003b28   0x0000002c   Code   RO          812    i.USB_DriveVbus     stm32f4xx_ll_usb.o
    0x08003b54   0x08003b54   0x0000000c   Code   RO          818    i.USB_EnableGlobalInt  stm32f4xx_ll_usb.o
    0x08003b60   0x08003b60   0x00000020   Code   RO          819    i.USB_FlushRxFifo   stm32f4xx_ll_usb.o
    0x08003b80   0x08003b80   0x00000024   Code   RO          820    i.USB_FlushTxFifo   stm32f4xx_ll_usb.o
    0x08003ba4   0x08003ba4   0x00000008   Code   RO          821    i.USB_GetCurrentFrame  stm32f4xx_ll_usb.o
    0x08003bac   0x08003bac   0x0000000e   Code   RO          823    i.USB_GetHostSpeed  stm32f4xx_ll_usb.o
    0x08003bba   0x08003bba   0x00000008   Code   RO          824    i.USB_GetMode       stm32f4xx_ll_usb.o
    0x08003bc2   0x08003bc2   0x000000c2   Code   RO          825    i.USB_HC_Halt       stm32f4xx_ll_usb.o
    0x08003c84   0x08003c84   0x000000f0   Code   RO          826    i.USB_HC_Init       stm32f4xx_ll_usb.o
    0x08003d74   0x08003d74   0x00000008   Code   RO          827    i.USB_HC_ReadInterrupt  stm32f4xx_ll_usb.o
    0x08003d7c   0x08003d7c   0x00000150   Code   RO          828    i.USB_HC_StartXfer  stm32f4xx_ll_usb.o
    0x08003ecc   0x08003ecc   0x000000d8   Code   RO          829    i.USB_HostInit      stm32f4xx_ll_usb.o
    0x08003fa4   0x08003fa4   0x00000036   Code   RO          830    i.USB_InitFSLSPClkSel  stm32f4xx_ll_usb.o
    0x08003fda   0x08003fda   0x00000008   Code   RO          835    i.USB_ReadInterrupts  stm32f4xx_ll_usb.o
    0x08003fe2   0x08003fe2   0x0000001c   Code   RO          836    i.USB_ReadPacket    stm32f4xx_ll_usb.o
    0x08003ffe   0x08003ffe   0x00000032   Code   RO          837    i.USB_ResetPort     stm32f4xx_ll_usb.o
    0x08004030   0x08004030   0x0000002e   Code   RO          838    i.USB_SetCurrentMode  stm32f4xx_ll_usb.o
    0x0800405e   0x0800405e   0x00000002   PAD
    0x08004060   0x08004060   0x0000007e   Code   RO          843    i.USB_StopHost      stm32f4xx_ll_usb.o
    0x080040de   0x080040de   0x00000024   Code   RO          844    i.USB_WritePacket   stm32f4xx_ll_usb.o
    0x08004102   0x08004102   0x00000002   Code   RO          470    i.UsageFault_Handler  stm32f4xx_it.o
    0x08004104   0x08004104   0x00000020   Code   RO         1854    i.__NVIC_SetPriority  stm32f4xx_hal_cortex.o
    0x08004124   0x08004124   0x0000000e   Code   RO         4174    i.__scatterload_copy  mc_w.l(handlers.o)
    0x08004132   0x08004132   0x00000002   Code   RO         4175    i.__scatterload_null  mc_w.l(handlers.o)
    0x08004134   0x08004134   0x0000000e   Code   RO         4176    i.__scatterload_zeroinit  mc_w.l(handlers.o)
    0x08004142   0x08004142   0x00000002   PAD
    0x08004144   0x08004144   0x00000050   Code   RO         4122    i.free              mc_w.l(malloc.o)
    0x08004194   0x08004194   0x000000d0   Code   RO           18    i.main              main.o
    0x08004264   0x08004264   0x0000006c   Code   RO         4123    i.malloc            mc_w.l(malloc.o)
    0x080042d0   0x080042d0   0x00000008   Data   RO         1571    .constdata          stm32f4xx_hal_dma.o
    0x080042d8   0x080042d8   0x00000010   Data   RO         3615    .constdata          system_stm32f4xx.o
    0x080042e8   0x080042e8   0x00000008   Data   RO         3616    .constdata          system_stm32f4xx.o
    0x080042f0   0x080042f0   0x00000004   Data   RO         4010    .conststring        usbh_cdc.o
    0x080042f4   0x080042f4   0x00000020   Data   RO         4172    Region$$Table       anon$$obj.o


    Execution Region RW_IRAM1 (Exec base: 0x20000000, Load base: 0x08004314, Size: 0x00000e88, Max: 0x00020000, ABSOLUTE)

    Exec Addr    Load Addr    Size         Type   Attr      Idx    E Section Name        Object

    0x20000000   0x08004314   0x00000001   Data   RW          190    .data               usb_host.o
    0x20000001   0x08004315   0x00000003   PAD
    0x20000004   0x08004318   0x00000004   Data   RW          845    .data               stm32f4xx_ll_usb.o
    0x20000008   0x0800431c   0x0000000c   Data   RW         1998    .data               stm32f4xx_hal.o
    0x20000014   0x08004328   0x00000004   Data   RW         3617    .data               system_stm32f4xx.o
    0x20000018   0x0800432c   0x00000020   Data   RW         4011    .data               usbh_cdc.o
    0x20000038   0x0800434c   0x00000004   Data   RW         4168    .data               mc_w.l(mvars.o)
    0x2000003c   0x08004350   0x00000004   Data   RW         4169    .data               mc_w.l(mvars.o)
    0x20000040        -       0x00000152   Zero   RW           19    .bss                main.o
    0x20000192   0x08004354   0x00000002   PAD
    0x20000194        -       0x00000060   Zero   RW           20    .bss                main.o
    0x200001f4        -       0x000003cc   Zero   RW          189    .bss                usb_host.o
    0x200005c0        -       0x000002c4   Zero   RW          279    .bss                usbh_conf.o
    0x20000884   0x08004354   0x00000004   PAD
    0x20000888        -       0x00000200   Zero   RW            2    HEAP                startup_stm32f407xx.o
    0x20000a88        -       0x00000400   Zero   RW            1    STACK               startup_stm32f407xx.o


==============================================================================

Image component sizes


      Code (inc. data)   RO Data    RW Data    ZI Data      Debug   Object Name

       826         88          0          0        434     690395   main.o
        36          8        392          0       1536        816   startup_stm32f407xx.o
       180         28          0         12          0       4433   stm32f4xx_hal.o
       198         14          0          0          0      33827   stm32f4xx_hal_cortex.o
       912         16          8          0          0       5667   stm32f4xx_hal_dma.o
       442         44          0          0          0       2360   stm32f4xx_hal_gpio.o
      2268          4          0          0          0      13353   stm32f4xx_hal_hcd.o
       372         16          0          0          0       2899   stm32f4xx_hal_i2c.o
       620         18          0          0          0       4037   stm32f4xx_hal_i2s.o
       694         24          0          0          0       3643   stm32f4xx_hal_i2s_ex.o
       568         72          0          0          0       3716   stm32f4xx_hal_msp.o
      1260         76          0          0          0       5024   stm32f4xx_hal_rcc.o
       408         36          0          0          0       2221   stm32f4xx_hal_rcc_ex.o
       128          0          0          0          0       1123   stm32f4xx_hal_spi.o
      1414         22          0          0          0       8746   stm32f4xx_hal_uart.o
        44         12          0          0          0       4792   stm32f4xx_it.o
      1716         52          0          4          0      17685   stm32f4xx_ll_usb.o
        84         18         24          4          0       1099   system_stm32f4xx.o
       108         22          0          1        972       9638   usb_host.o
       872          6          4         32          0      12456   usbh_cdc.o
       540         14          0          0        708      12269   usbh_conf.o
      1066         20          0          0          0      10688   usbh_core.o
      1112         12          0          0          0      10338   usbh_ctlreq.o
       172          0          0          0          0       4228   usbh_ioreq.o
       106          0          0          0          0       3262   usbh_pipes.o
        20          4          0          0          0        498   usbh_platform.o

    ----------------------------------------------------------------------
     16188        626        460         56       3656     869213   Object Totals
         0          0         32          0          0          0   (incl. Generated)
        22          0          0          3          6          0   (incl. Padding)

    ----------------------------------------------------------------------

      Code (inc. data)   RO Data    RW Data    ZI Data      Debug   Library Member Name

         0          0          0          0          0          0   entry.o
         0          0          0          0          0          0   entry10a.o
         0          0          0          0          0          0   entry11a.o
         8          4          0          0          0          0   entry2.o
         4          0          0          0          0          0   entry5.o
         0          0          0          0          0          0   entry7b.o
         0          0          0          0          0          0   entry8b.o
         8          4          0          0          0          0   entry9a.o
        30          0          0          0          0          0   handlers.o
        36          8          0          0          0         68   init.o
        30          0          0          0          0         68   llshl.o
        32          0          0          0          0         68   llushr.o
       188         20          0          0          0        160   malloc.o
        36          0          0          0          0         68   memcpya.o
        36          0          0          0          0        108   memseta.o
         0          0          0          8          0          0   mvars.o
        14          0          0          0          0         68   strlen.o
        98          0          0          0          0         92   uldiv.o

    ----------------------------------------------------------------------
       524         36          0          8          0        700   Library Totals
         4          0          0          0          0          0   (incl. Padding)

    ----------------------------------------------------------------------

      Code (inc. data)   RO Data    RW Data    ZI Data      Debug   Library Name

       520         36          0          8          0        700   mc_w.l

    ----------------------------------------------------------------------
       524         36          0          8          0        700   Library Totals

    ----------------------------------------------------------------------

==============================================================================


      Code (inc. data)   RO Data    RW Data    ZI Data      Debug   

     16712        662        460         64       3656     852657   Grand Totals
     16712        662        460         64       3656     852657   ELF Image Totals
     16712        662        460         64          0          0   ROM Totals

==============================================================================

    Total RO  Size (Code + RO Data)                17172 (  16.77kB)
    Total RW  Size (RW Data + ZI Data)              3720 (   3.63kB)
    Total ROM Size (Code + RO Data + RW Data)      17236 (  16.83kB)

==============================================================================

